<?xml version="1.0"?>
<link_info>
   <banner>TI ARM Linker PC v16.9.6.LTS</banner>
   <copyright>Copyright (c) 1996-2017 Texas Instruments Incorporated</copyright>
   <link_time>0x5f884568</link_time>
   <link_errors>0x0</link_errors>
   <output_file>Ultrasound.out</output_file>
   <entry_point>
      <name>_c_int00</name>
      <address>0x1121</address>
   </entry_point>
   <input_file_list>
      <input_file id="fl-2">
         <path>.\</path>
         <kind>object</kind>
         <file>Clock.obj</file>
         <name>Clock.obj</name>
      </input_file>
      <input_file id="fl-3">
         <path>.\</path>
         <kind>object</kind>
         <file>CortexM.obj</file>
         <name>CortexM.obj</name>
      </input_file>
      <input_file id="fl-4">
         <path>.\</path>
         <kind>object</kind>
         <file>Nokia5110.obj</file>
         <name>Nokia5110.obj</name>
      </input_file>
      <input_file id="fl-5">
         <path>.\</path>
         <kind>object</kind>
         <file>TA2InputCapture.obj</file>
         <name>TA2InputCapture.obj</name>
      </input_file>
      <input_file id="fl-6">
         <path>.\</path>
         <kind>object</kind>
         <file>Ultrasound.obj</file>
         <name>Ultrasound.obj</name>
      </input_file>
      <input_file id="fl-7">
         <path>.\</path>
         <kind>object</kind>
         <file>UltrasoundLCDmain.obj</file>
         <name>UltrasoundLCDmain.obj</name>
      </input_file>
      <input_file id="fl-8">
         <path>.\</path>
         <kind>object</kind>
         <file>startup_msp432p401r_ccs.obj</file>
         <name>startup_msp432p401r_ccs.obj</name>
      </input_file>
      <input_file id="fl-9">
         <path>.\</path>
         <kind>object</kind>
         <file>system_msp432p401r.obj</file>
         <name>system_msp432p401r.obj</name>
      </input_file>
      <input_file id="fl-d">
         <kind>object</kind>
         <file>&lt;internal&gt;</file>
         <name>&lt;internal&gt;</name>
      </input_file>
      <input_file id="fl-c3">
         <path>D:\Apps\TexasInstruments\CCS7\ccsv7\tools\compiler\ti-cgt-arm_16.9.6.LTS\lib\</path>
         <kind>archive</kind>
         <file>rtsv7M4_T_le_v4SPD16_eabi.lib</file>
         <name>boot.obj</name>
      </input_file>
      <input_file id="fl-c4">
         <path>D:\Apps\TexasInstruments\CCS7\ccsv7\tools\compiler\ti-cgt-arm_16.9.6.LTS\lib\</path>
         <kind>archive</kind>
         <file>rtsv7M4_T_le_v4SPD16_eabi.lib</file>
         <name>copy_decompress_lzss.obj</name>
      </input_file>
      <input_file id="fl-c5">
         <path>D:\Apps\TexasInstruments\CCS7\ccsv7\tools\compiler\ti-cgt-arm_16.9.6.LTS\lib\</path>
         <kind>archive</kind>
         <file>rtsv7M4_T_le_v4SPD16_eabi.lib</file>
         <name>copy_decompress_none.obj</name>
      </input_file>
      <input_file id="fl-c6">
         <path>D:\Apps\TexasInstruments\CCS7\ccsv7\tools\compiler\ti-cgt-arm_16.9.6.LTS\lib\</path>
         <kind>archive</kind>
         <file>rtsv7M4_T_le_v4SPD16_eabi.lib</file>
         <name>copy_zero_init.obj</name>
      </input_file>
      <input_file id="fl-c7">
         <path>D:\Apps\TexasInstruments\CCS7\ccsv7\tools\compiler\ti-cgt-arm_16.9.6.LTS\lib\</path>
         <kind>archive</kind>
         <file>rtsv7M4_T_le_v4SPD16_eabi.lib</file>
         <name>exit.obj</name>
      </input_file>
      <input_file id="fl-c8">
         <path>D:\Apps\TexasInstruments\CCS7\ccsv7\tools\compiler\ti-cgt-arm_16.9.6.LTS\lib\</path>
         <kind>archive</kind>
         <file>rtsv7M4_T_le_v4SPD16_eabi.lib</file>
         <name>memcpy_t2.obj</name>
      </input_file>
      <input_file id="fl-c9">
         <path>D:\Apps\TexasInstruments\CCS7\ccsv7\tools\compiler\ti-cgt-arm_16.9.6.LTS\lib\</path>
         <kind>archive</kind>
         <file>rtsv7M4_T_le_v4SPD16_eabi.lib</file>
         <name>memset_t2.obj</name>
      </input_file>
      <input_file id="fl-ca">
         <path>D:\Apps\TexasInstruments\CCS7\ccsv7\tools\compiler\ti-cgt-arm_16.9.6.LTS\lib\</path>
         <kind>archive</kind>
         <file>rtsv7M4_T_le_v4SPD16_eabi.lib</file>
         <name>mpu_init.obj</name>
      </input_file>
      <input_file id="fl-cb">
         <path>D:\Apps\TexasInstruments\CCS7\ccsv7\tools\compiler\ti-cgt-arm_16.9.6.LTS\lib\</path>
         <kind>archive</kind>
         <file>rtsv7M4_T_le_v4SPD16_eabi.lib</file>
         <name>pre_init.obj</name>
      </input_file>
      <input_file id="fl-cc">
         <path>D:\Apps\TexasInstruments\CCS7\ccsv7\tools\compiler\ti-cgt-arm_16.9.6.LTS\lib\</path>
         <kind>archive</kind>
         <file>rtsv7M4_T_le_v4SPD16_eabi.lib</file>
         <name>stkdepth_vars.obj</name>
      </input_file>
      <input_file id="fl-cd">
         <path>D:\Apps\TexasInstruments\CCS7\ccsv7\tools\compiler\ti-cgt-arm_16.9.6.LTS\lib\</path>
         <kind>archive</kind>
         <file>rtsv7M4_T_le_v4SPD16_eabi.lib</file>
         <name>_lock.obj</name>
      </input_file>
      <input_file id="fl-ce">
         <path>D:\Apps\TexasInstruments\CCS7\ccsv7\tools\compiler\ti-cgt-arm_16.9.6.LTS\lib\</path>
         <kind>archive</kind>
         <file>rtsv7M4_T_le_v4SPD16_eabi.lib</file>
         <name>args_main.obj</name>
      </input_file>
      <input_file id="fl-cf">
         <path>D:\Apps\TexasInstruments\CCS7\ccsv7\tools\compiler\ti-cgt-arm_16.9.6.LTS\lib\</path>
         <kind>archive</kind>
         <file>rtsv7M4_T_le_v4SPD16_eabi.lib</file>
         <name>autoinit.obj</name>
      </input_file>
      <input_file id="fl-d0">
         <path>D:\Apps\TexasInstruments\CCS7\ccsv7\tools\compiler\ti-cgt-arm_16.9.6.LTS\lib\</path>
         <kind>archive</kind>
         <file>rtsv7M4_T_le_v4SPD16_eabi.lib</file>
         <name>cpy_tbl.obj</name>
      </input_file>
      <input_file id="fl-d1">
         <path>D:\Apps\TexasInstruments\CCS7\ccsv7\tools\compiler\ti-cgt-arm_16.9.6.LTS\lib\</path>
         <kind>archive</kind>
         <file>rtsv7M4_T_le_v4SPD16_eabi.lib</file>
         <name>startup.obj</name>
      </input_file>
   </input_file_list>
   <object_component_list>
      <object_component id="oc-2c">
         <name>.intvecs:retain</name>
         <load_address>0x0</load_address>
         <run_address>0x0</run_address>
         <size>0xe4</size>
         <input_file_ref idref="fl-8"/>
      </object_component>
      <object_component id="oc-ed">
         <name>.text</name>
         <load_address>0xe4</load_address>
         <run_address>0xe4</run_address>
         <size>0x4dc</size>
         <input_file_ref idref="fl-4"/>
      </object_component>
      <object_component id="oc-bd">
         <name>.text</name>
         <load_address>0x5c0</load_address>
         <run_address>0x5c0</run_address>
         <size>0x32c</size>
         <input_file_ref idref="fl-9"/>
      </object_component>
      <object_component id="oc-aa">
         <name>.text</name>
         <load_address>0x8ec</load_address>
         <run_address>0x8ec</run_address>
         <size>0x26c</size>
         <input_file_ref idref="fl-7"/>
      </object_component>
      <object_component id="oc-e7">
         <name>.text</name>
         <load_address>0xb58</load_address>
         <run_address>0xb58</run_address>
         <size>0x1e0</size>
         <input_file_ref idref="fl-2"/>
      </object_component>
      <object_component id="oc-f3">
         <name>.text</name>
         <load_address>0xd38</load_address>
         <run_address>0xd38</run_address>
         <size>0x128</size>
         <input_file_ref idref="fl-6"/>
      </object_component>
      <object_component id="oc-7b">
         <name>.text</name>
         <load_address>0xe60</load_address>
         <run_address>0xe60</run_address>
         <size>0xd0</size>
         <input_file_ref idref="fl-5"/>
      </object_component>
      <object_component id="oc-3b">
         <name>.text</name>
         <load_address>0xf30</load_address>
         <run_address>0xf30</run_address>
         <size>0x9c</size>
         <input_file_ref idref="fl-c8"/>
      </object_component>
      <object_component id="oc-47">
         <name>.text</name>
         <load_address>0xfcc</load_address>
         <run_address>0xfcc</run_address>
         <size>0x7a</size>
         <input_file_ref idref="fl-c9"/>
      </object_component>
      <object_component id="oc-53">
         <name>.text</name>
         <load_address>0x1046</load_address>
         <run_address>0x1046</run_address>
         <size>0x2</size>
         <input_file_ref idref="fl-ca"/>
      </object_component>
      <object_component id="oc-5f">
         <name>.text</name>
         <load_address>0x1048</load_address>
         <run_address>0x1048</run_address>
         <size>0x70</size>
         <input_file_ref idref="fl-cf"/>
      </object_component>
      <object_component id="oc-14">
         <name>.text:decompress:lzss</name>
         <load_address>0x10b8</load_address>
         <run_address>0x10b8</run_address>
         <size>0x68</size>
         <input_file_ref idref="fl-c4"/>
      </object_component>
      <object_component id="oc-26">
         <name>.text</name>
         <load_address>0x1120</load_address>
         <run_address>0x1120</run_address>
         <size>0x54</size>
         <input_file_ref idref="fl-c3"/>
      </object_component>
      <object_component id="oc-6b">
         <name>.text</name>
         <load_address>0x1174</load_address>
         <run_address>0x1174</run_address>
         <size>0x54</size>
         <input_file_ref idref="fl-c7"/>
      </object_component>
      <object_component id="oc-9c">
         <name>.text</name>
         <load_address>0x11c8</load_address>
         <run_address>0x11c8</run_address>
         <size>0x4c</size>
         <input_file_ref idref="fl-d0"/>
      </object_component>
      <object_component id="oc-c4">
         <name>.text</name>
         <load_address>0x1214</load_address>
         <run_address>0x1214</run_address>
         <size>0x24</size>
         <input_file_ref idref="fl-3"/>
      </object_component>
      <object_component id="oc-65">
         <name>.text</name>
         <load_address>0x1238</load_address>
         <run_address>0x1238</run_address>
         <size>0x18</size>
         <input_file_ref idref="fl-ce"/>
      </object_component>
      <object_component id="oc-10b">
         <name>.text</name>
         <load_address>0x1250</load_address>
         <run_address>0x1250</run_address>
         <size>0x14</size>
         <input_file_ref idref="fl-cd"/>
      </object_component>
      <object_component id="oc-1a">
         <name>.text:decompress:none</name>
         <load_address>0x1264</load_address>
         <run_address>0x1264</run_address>
         <size>0xe</size>
         <input_file_ref idref="fl-c5"/>
      </object_component>
      <object_component id="oc-75">
         <name>.text</name>
         <load_address>0x1272</load_address>
         <run_address>0x1272</run_address>
         <size>0xe</size>
         <input_file_ref idref="fl-8"/>
      </object_component>
      <object_component id="oc-20">
         <name>.text:decompress:ZI</name>
         <load_address>0x1280</load_address>
         <run_address>0x1280</run_address>
         <size>0xc</size>
         <input_file_ref idref="fl-c6"/>
      </object_component>
      <object_component id="oc-59">
         <name>.text</name>
         <load_address>0x128c</load_address>
         <run_address>0x128c</run_address>
         <size>0x4</size>
         <input_file_ref idref="fl-cb"/>
      </object_component>
      <object_component id="oc-a2">
         <name>.text</name>
         <load_address>0x1290</load_address>
         <run_address>0x1290</run_address>
         <size>0x2</size>
         <input_file_ref idref="fl-d1"/>
      </object_component>
      <object_component id="oc-13a">
         <name>.const:ASCII</name>
         <load_address>0x1292</load_address>
         <run_address>0x1292</run_address>
         <size>0x1e0</size>
         <input_file_ref idref="fl-4"/>
      </object_component>
      <object_component id="oc-140">
         <name>.const:.string:Masks</name>
         <load_address>0x1472</load_address>
         <run_address>0x1472</run_address>
         <size>0x8</size>
         <input_file_ref idref="fl-4"/>
      </object_component>
      <object_component id="oc-18e">
         <name>.cinit..data.load</name>
         <load_address>0x1480</load_address>
         <run_address>0x1480</run_address>
         <size>0x19</size>
      </object_component>
      <object_component id="oc-18c">
         <name>__TI_handler_table</name>
         <load_address>0x149c</load_address>
         <run_address>0x149c</run_address>
         <size>0xc</size>
      </object_component>
      <object_component id="oc-18f">
         <name>.cinit..bss.load</name>
         <load_address>0x14a8</load_address>
         <run_address>0x14a8</run_address>
         <size>0x8</size>
      </object_component>
      <object_component id="oc-18d">
         <name>__TI_cinit_table</name>
         <load_address>0x14b0</load_address>
         <run_address>0x14b0</run_address>
         <size>0x10</size>
      </object_component>
      <object_component id="oc-169">
         <name>.binit</name>
         <load_address>0x0</load_address>
         <run_address>0x0</run_address>
         <size>0x0</size>
      </object_component>
      <object_component id="oc-136">
         <name>.data</name>
         <load_address>0x2000022c</load_address>
         <run_address>0x2000022c</run_address>
         <size>0x18</size>
         <input_file_ref idref="fl-2"/>
      </object_component>
      <object_component id="oc-ca">
         <name>.data</name>
         <load_address>0x20000264</load_address>
         <run_address>0x20000264</run_address>
         <size>0x4</size>
         <input_file_ref idref="fl-5"/>
      </object_component>
      <object_component id="oc-144">
         <name>.data</name>
         <load_address>0x20000250</load_address>
         <run_address>0x20000250</run_address>
         <size>0xc</size>
         <input_file_ref idref="fl-6"/>
      </object_component>
      <object_component id="oc-117">
         <name>.data</name>
         <load_address>0x2000026c</load_address>
         <run_address>0x2000026c</run_address>
         <size>0x4</size>
         <input_file_ref idref="fl-9"/>
      </object_component>
      <object_component id="oc-b2">
         <name>.data:$O1$$</name>
         <load_address>0x20000244</load_address>
         <run_address>0x20000244</run_address>
         <size>0xc</size>
         <input_file_ref idref="fl-c7"/>
      </object_component>
      <object_component id="oc-71">
         <name>.data</name>
         <load_address>0x20000268</load_address>
         <run_address>0x20000268</run_address>
         <size>0x4</size>
         <input_file_ref idref="fl-cc"/>
      </object_component>
      <object_component id="oc-b5">
         <name>.data:$O1$$</name>
         <load_address>0x2000025c</load_address>
         <run_address>0x2000025c</run_address>
         <size>0x8</size>
         <input_file_ref idref="fl-cd"/>
      </object_component>
      <object_component id="oc-13d">
         <name>.common:Screen</name>
         <uninitialized>true</uninitialized>
         <run_address>0x20000000</run_address>
         <size>0x1f8</size>
      </object_component>
      <object_component id="oc-147">
         <name>.common:Ultrasound_FirstTime</name>
         <uninitialized>true</uninitialized>
         <run_address>0x20000228</run_address>
         <size>0x2</size>
      </object_component>
      <object_component id="oc-14a">
         <name>.common:Ultrasound_SecondTime</name>
         <uninitialized>true</uninitialized>
         <run_address>0x2000022a</run_address>
         <size>0x2</size>
      </object_component>
      <object_component id="oc-f9">
         <name>.common:CmBuff</name>
         <uninitialized>true</uninitialized>
         <run_address>0x200001f8</run_address>
         <size>0x14</size>
      </object_component>
      <object_component id="oc-fc">
         <name>.common:InBuff</name>
         <uninitialized>true</uninitialized>
         <run_address>0x2000020c</run_address>
         <size>0x14</size>
      </object_component>
      <object_component id="oc-fd">
         <name>.common:Current</name>
         <uninitialized>true</uninitialized>
         <run_address>0x20000222</run_address>
         <size>0x2</size>
      </object_component>
      <object_component id="oc-fe">
         <name>.common:Minimum</name>
         <uninitialized>true</uninitialized>
         <run_address>0x20000226</run_address>
         <size>0x2</size>
      </object_component>
      <object_component id="oc-ff">
         <name>.common:Maximum</name>
         <uninitialized>true</uninitialized>
         <run_address>0x20000224</run_address>
         <size>0x2</size>
      </object_component>
      <object_component id="oc-100">
         <name>.common:Average</name>
         <uninitialized>true</uninitialized>
         <run_address>0x20000220</run_address>
         <size>0x2</size>
      </object_component>
      <object_component id="oc-2f">
         <name>.stack</name>
         <uninitialized>true</uninitialized>
         <run_address>0x2000fe00</run_address>
         <size>0x0</size>
         <input_file_ref idref="fl-c3"/>
      </object_component>
      <object_component id="oc-190">
         <name>.stack</name>
         <uninitialized>true</uninitialized>
         <run_address>0x2000fe00</run_address>
         <size>0x0</size>
      </object_component>
      <object_component id="oc-153">
         <name>.debug_info</name>
         <load_address>0x0</load_address>
         <run_address>0x0</run_address>
         <size>0x560</size>
         <input_file_ref idref="fl-2"/>
      </object_component>
      <object_component id="oc-137">
         <name>.debug_info</name>
         <load_address>0x560</load_address>
         <run_address>0x560</run_address>
         <size>0x1ce</size>
         <input_file_ref idref="fl-2"/>
      </object_component>
      <object_component id="oc-e8">
         <name>.debug_info</name>
         <load_address>0x72e</load_address>
         <run_address>0x72e</run_address>
         <size>0x518</size>
         <input_file_ref idref="fl-2"/>
      </object_component>
      <object_component id="oc-162">
         <name>.debug_info</name>
         <load_address>0xc46</load_address>
         <run_address>0xc46</run_address>
         <size>0x37e2</size>
         <input_file_ref idref="fl-2"/>
      </object_component>
      <object_component id="oc-125">
         <name>.debug_info</name>
         <load_address>0x4428</load_address>
         <run_address>0x4428</run_address>
         <size>0x1055</size>
         <input_file_ref idref="fl-2"/>
      </object_component>
      <object_component id="oc-36">
         <name>.debug_info</name>
         <load_address>0x547d</load_address>
         <run_address>0x547d</run_address>
         <size>0x84</size>
         <input_file_ref idref="fl-2"/>
      </object_component>
      <object_component id="oc-ce">
         <name>.debug_info</name>
         <load_address>0x5501</load_address>
         <run_address>0x5501</run_address>
         <size>0x18b</size>
         <input_file_ref idref="fl-2"/>
      </object_component>
      <object_component id="oc-c5">
         <name>.debug_info</name>
         <load_address>0x568c</load_address>
         <run_address>0x568c</run_address>
         <size>0x4d9</size>
         <input_file_ref idref="fl-3"/>
      </object_component>
      <object_component id="oc-13e">
         <name>.debug_info</name>
         <load_address>0x5b65</load_address>
         <run_address>0x5b65</run_address>
         <size>0x5ef</size>
         <input_file_ref idref="fl-4"/>
      </object_component>
      <object_component id="oc-13b">
         <name>.debug_info</name>
         <load_address>0x6154</load_address>
         <run_address>0x6154</run_address>
         <size>0x118</size>
         <input_file_ref idref="fl-4"/>
      </object_component>
      <object_component id="oc-141">
         <name>.debug_info</name>
         <load_address>0x626c</load_address>
         <run_address>0x626c</run_address>
         <size>0x11a</size>
         <input_file_ref idref="fl-4"/>
      </object_component>
      <object_component id="oc-ef">
         <name>.debug_info</name>
         <load_address>0x6386</load_address>
         <run_address>0x6386</run_address>
         <size>0x129d</size>
         <input_file_ref idref="fl-4"/>
      </object_component>
      <object_component id="oc-120">
         <name>.debug_info</name>
         <load_address>0x7623</load_address>
         <run_address>0x7623</run_address>
         <size>0x37e2</size>
         <input_file_ref idref="fl-4"/>
      </object_component>
      <object_component id="oc-d3">
         <name>.debug_info</name>
         <load_address>0xae05</load_address>
         <run_address>0xae05</run_address>
         <size>0x5ca</size>
         <input_file_ref idref="fl-5"/>
      </object_component>
      <object_component id="oc-cb">
         <name>.debug_info</name>
         <load_address>0xb3cf</load_address>
         <run_address>0xb3cf</run_address>
         <size>0x12d</size>
         <input_file_ref idref="fl-5"/>
      </object_component>
      <object_component id="oc-7c">
         <name>.debug_info</name>
         <load_address>0xb4fc</load_address>
         <run_address>0xb4fc</run_address>
         <size>0x3fc</size>
         <input_file_ref idref="fl-5"/>
      </object_component>
      <object_component id="oc-148">
         <name>.debug_info</name>
         <load_address>0xb8f8</load_address>
         <run_address>0xb8f8</run_address>
         <size>0x657</size>
         <input_file_ref idref="fl-6"/>
      </object_component>
      <object_component id="oc-145">
         <name>.debug_info</name>
         <load_address>0xbf4f</load_address>
         <run_address>0xbf4f</run_address>
         <size>0x190</size>
         <input_file_ref idref="fl-6"/>
      </object_component>
      <object_component id="oc-f6">
         <name>.debug_info</name>
         <load_address>0xc0df</load_address>
         <run_address>0xc0df</run_address>
         <size>0x50e</size>
         <input_file_ref idref="fl-6"/>
      </object_component>
      <object_component id="oc-fa">
         <name>.debug_info</name>
         <load_address>0xc5ed</load_address>
         <run_address>0xc5ed</run_address>
         <size>0x807</size>
         <input_file_ref idref="fl-7"/>
      </object_component>
      <object_component id="oc-ab">
         <name>.debug_info</name>
         <load_address>0xcdf4</load_address>
         <run_address>0xcdf4</run_address>
         <size>0x5ff</size>
         <input_file_ref idref="fl-7"/>
      </object_component>
      <object_component id="oc-83">
         <name>.debug_info</name>
         <load_address>0xd3f3</load_address>
         <run_address>0xd3f3</run_address>
         <size>0x2c8</size>
         <input_file_ref idref="fl-8"/>
      </object_component>
      <object_component id="oc-2d">
         <name>.debug_info</name>
         <load_address>0xd6bb</load_address>
         <run_address>0xd6bb</run_address>
         <size>0x106</size>
         <input_file_ref idref="fl-8"/>
      </object_component>
      <object_component id="oc-76">
         <name>.debug_info</name>
         <load_address>0xd7c1</load_address>
         <run_address>0xd7c1</run_address>
         <size>0x1cd</size>
         <input_file_ref idref="fl-8"/>
      </object_component>
      <object_component id="oc-118">
         <name>.debug_info</name>
         <load_address>0xd98e</load_address>
         <run_address>0xd98e</run_address>
         <size>0xff</size>
         <input_file_ref idref="fl-9"/>
      </object_component>
      <object_component id="oc-be">
         <name>.debug_info</name>
         <load_address>0xda8d</load_address>
         <run_address>0xda8d</run_address>
         <size>0x271</size>
         <input_file_ref idref="fl-9"/>
      </object_component>
      <object_component id="oc-27">
         <name>.debug_info</name>
         <load_address>0xdcfe</load_address>
         <run_address>0xdcfe</run_address>
         <size>0x160</size>
         <input_file_ref idref="fl-c3"/>
      </object_component>
      <object_component id="oc-89">
         <name>.debug_info</name>
         <load_address>0xde5e</load_address>
         <run_address>0xde5e</run_address>
         <size>0x293</size>
         <input_file_ref idref="fl-c4"/>
      </object_component>
      <object_component id="oc-17">
         <name>.debug_info</name>
         <load_address>0xe0f1</load_address>
         <run_address>0xe0f1</run_address>
         <size>0x245</size>
         <input_file_ref idref="fl-c4"/>
      </object_component>
      <object_component id="oc-31">
         <name>.debug_info</name>
         <load_address>0xe336</load_address>
         <run_address>0xe336</run_address>
         <size>0x60</size>
         <input_file_ref idref="fl-c4"/>
      </object_component>
      <object_component id="oc-84">
         <name>.debug_info</name>
         <load_address>0xe396</load_address>
         <run_address>0xe396</run_address>
         <size>0x46</size>
         <input_file_ref idref="fl-c4"/>
      </object_component>
      <object_component id="oc-46">
         <name>.debug_info</name>
         <load_address>0xe3dc</load_address>
         <run_address>0xe3dc</run_address>
         <size>0x2da</size>
         <input_file_ref idref="fl-c5"/>
      </object_component>
      <object_component id="oc-1d">
         <name>.debug_info</name>
         <load_address>0xe6b6</load_address>
         <run_address>0xe6b6</run_address>
         <size>0x1df</size>
         <input_file_ref idref="fl-c5"/>
      </object_component>
      <object_component id="oc-41">
         <name>.debug_info</name>
         <load_address>0xe895</load_address>
         <run_address>0xe895</run_address>
         <size>0x46</size>
         <input_file_ref idref="fl-c5"/>
      </object_component>
      <object_component id="oc-8b">
         <name>.debug_info</name>
         <load_address>0xe8db</load_address>
         <run_address>0xe8db</run_address>
         <size>0x2c</size>
         <input_file_ref idref="fl-c5"/>
      </object_component>
      <object_component id="oc-52">
         <name>.debug_info</name>
         <load_address>0xe907</load_address>
         <run_address>0xe907</run_address>
         <size>0x2c9</size>
         <input_file_ref idref="fl-c6"/>
      </object_component>
      <object_component id="oc-21">
         <name>.debug_info</name>
         <load_address>0xebd0</load_address>
         <run_address>0xebd0</run_address>
         <size>0x1aa</size>
         <input_file_ref idref="fl-c6"/>
      </object_component>
      <object_component id="oc-4d">
         <name>.debug_info</name>
         <load_address>0xed7a</load_address>
         <run_address>0xed7a</run_address>
         <size>0x46</size>
         <input_file_ref idref="fl-c6"/>
      </object_component>
      <object_component id="oc-93">
         <name>.debug_info</name>
         <load_address>0xedc0</load_address>
         <run_address>0xedc0</run_address>
         <size>0x2c</size>
         <input_file_ref idref="fl-c6"/>
      </object_component>
      <object_component id="oc-b9">
         <name>.debug_info</name>
         <load_address>0xedec</load_address>
         <run_address>0xedec</run_address>
         <size>0x3ce</size>
         <input_file_ref idref="fl-c7"/>
      </object_component>
      <object_component id="oc-b3">
         <name>.debug_info</name>
         <load_address>0xf1ba</load_address>
         <run_address>0xf1ba</run_address>
         <size>0x185</size>
         <input_file_ref idref="fl-c7"/>
      </object_component>
      <object_component id="oc-6f">
         <name>.debug_info</name>
         <load_address>0xf33f</load_address>
         <run_address>0xf33f</run_address>
         <size>0x214</size>
         <input_file_ref idref="fl-c7"/>
      </object_component>
      <object_component id="oc-3d">
         <name>.debug_info</name>
         <load_address>0xf553</load_address>
         <run_address>0xf553</run_address>
         <size>0x111</size>
         <input_file_ref idref="fl-c8"/>
      </object_component>
      <object_component id="oc-48">
         <name>.debug_info</name>
         <load_address>0xf664</load_address>
         <run_address>0xf664</run_address>
         <size>0x13f</size>
         <input_file_ref idref="fl-c9"/>
      </object_component>
      <object_component id="oc-54">
         <name>.debug_info</name>
         <load_address>0xf7a3</load_address>
         <run_address>0xf7a3</run_address>
         <size>0x138</size>
         <input_file_ref idref="fl-ca"/>
      </object_component>
      <object_component id="oc-5c">
         <name>.debug_info</name>
         <load_address>0xf8db</load_address>
         <run_address>0xf8db</run_address>
         <size>0x148</size>
         <input_file_ref idref="fl-cb"/>
      </object_component>
      <object_component id="oc-72">
         <name>.debug_info</name>
         <load_address>0xfa23</load_address>
         <run_address>0xfa23</run_address>
         <size>0x109</size>
         <input_file_ref idref="fl-cc"/>
      </object_component>
      <object_component id="oc-113">
         <name>.debug_info</name>
         <load_address>0xfb2c</load_address>
         <run_address>0xfb2c</run_address>
         <size>0x2be</size>
         <input_file_ref idref="fl-cd"/>
      </object_component>
      <object_component id="oc-b6">
         <name>.debug_info</name>
         <load_address>0xfdea</load_address>
         <run_address>0xfdea</run_address>
         <size>0x113</size>
         <input_file_ref idref="fl-cd"/>
      </object_component>
      <object_component id="oc-10c">
         <name>.debug_info</name>
         <load_address>0xfefd</load_address>
         <run_address>0xfefd</run_address>
         <size>0x21f</size>
         <input_file_ref idref="fl-cd"/>
      </object_component>
      <object_component id="oc-b1">
         <name>.debug_info</name>
         <load_address>0x1011c</load_address>
         <run_address>0x1011c</run_address>
         <size>0x300</size>
         <input_file_ref idref="fl-ce"/>
      </object_component>
      <object_component id="oc-66">
         <name>.debug_info</name>
         <load_address>0x1041c</load_address>
         <run_address>0x1041c</run_address>
         <size>0x167</size>
         <input_file_ref idref="fl-ce"/>
      </object_component>
      <object_component id="oc-104">
         <name>.debug_info</name>
         <load_address>0x10583</load_address>
         <run_address>0x10583</run_address>
         <size>0x5e</size>
         <input_file_ref idref="fl-ce"/>
      </object_component>
      <object_component id="oc-a9">
         <name>.debug_info</name>
         <load_address>0x105e1</load_address>
         <run_address>0x105e1</run_address>
         <size>0x483</size>
         <input_file_ref idref="fl-cf"/>
      </object_component>
      <object_component id="oc-60">
         <name>.debug_info</name>
         <load_address>0x10a64</load_address>
         <run_address>0x10a64</run_address>
         <size>0x190</size>
         <input_file_ref idref="fl-cf"/>
      </object_component>
      <object_component id="oc-dd">
         <name>.debug_info</name>
         <load_address>0x10bf4</load_address>
         <run_address>0x10bf4</run_address>
         <size>0x39</size>
         <input_file_ref idref="fl-cf"/>
      </object_component>
      <object_component id="oc-131">
         <name>.debug_info</name>
         <load_address>0x10c2d</load_address>
         <run_address>0x10c2d</run_address>
         <size>0x39</size>
         <input_file_ref idref="fl-cf"/>
      </object_component>
      <object_component id="oc-e2">
         <name>.debug_info</name>
         <load_address>0x10c66</load_address>
         <run_address>0x10c66</run_address>
         <size>0xcd</size>
         <input_file_ref idref="fl-cf"/>
      </object_component>
      <object_component id="oc-d9">
         <name>.debug_info</name>
         <load_address>0x10d33</load_address>
         <run_address>0x10d33</run_address>
         <size>0x37a</size>
         <input_file_ref idref="fl-d0"/>
      </object_component>
      <object_component id="oc-9d">
         <name>.debug_info</name>
         <load_address>0x110ad</load_address>
         <run_address>0x110ad</run_address>
         <size>0x183</size>
         <input_file_ref idref="fl-d0"/>
      </object_component>
      <object_component id="oc-12c">
         <name>.debug_info</name>
         <load_address>0x11230</load_address>
         <run_address>0x11230</run_address>
         <size>0x2c</size>
         <input_file_ref idref="fl-d0"/>
      </object_component>
      <object_component id="oc-a3">
         <name>.debug_info</name>
         <load_address>0x1125c</load_address>
         <run_address>0x1125c</run_address>
         <size>0x145</size>
         <input_file_ref idref="fl-d1"/>
      </object_component>
      <object_component id="oc-191">
         <name>.debug_info</name>
         <load_address>0x113a1</load_address>
         <run_address>0x113a1</run_address>
         <size>0xb5</size>
      </object_component>
      <object_component id="oc-161">
         <name>.debug_line</name>
         <load_address>0x0</load_address>
         <run_address>0x0</run_address>
         <size>0x20</size>
         <input_file_ref idref="fl-2"/>
      </object_component>
      <object_component id="oc-155">
         <name>.debug_line</name>
         <load_address>0x20</load_address>
         <run_address>0x20</run_address>
         <size>0x65</size>
         <input_file_ref idref="fl-2"/>
      </object_component>
      <object_component id="oc-eb">
         <name>.debug_line</name>
         <load_address>0x85</load_address>
         <run_address>0x85</run_address>
         <size>0x132</size>
         <input_file_ref idref="fl-2"/>
      </object_component>
      <object_component id="oc-165">
         <name>.debug_line</name>
         <load_address>0x1b7</load_address>
         <run_address>0x1b7</run_address>
         <size>0x6a</size>
         <input_file_ref idref="fl-2"/>
      </object_component>
      <object_component id="oc-128">
         <name>.debug_line</name>
         <load_address>0x221</load_address>
         <run_address>0x221</run_address>
         <size>0x6d</size>
         <input_file_ref idref="fl-2"/>
      </object_component>
      <object_component id="oc-39">
         <name>.debug_line</name>
         <load_address>0x28e</load_address>
         <run_address>0x28e</run_address>
         <size>0x20</size>
         <input_file_ref idref="fl-2"/>
      </object_component>
      <object_component id="oc-d1">
         <name>.debug_line</name>
         <load_address>0x2ae</load_address>
         <run_address>0x2ae</run_address>
         <size>0x7d</size>
         <input_file_ref idref="fl-2"/>
      </object_component>
      <object_component id="oc-c9">
         <name>.debug_line</name>
         <load_address>0x32b</load_address>
         <run_address>0x32b</run_address>
         <size>0xe9</size>
         <input_file_ref idref="fl-3"/>
      </object_component>
      <object_component id="oc-159">
         <name>.debug_line</name>
         <load_address>0x414</load_address>
         <run_address>0x414</run_address>
         <size>0x69</size>
         <input_file_ref idref="fl-4"/>
      </object_component>
      <object_component id="oc-157">
         <name>.debug_line</name>
         <load_address>0x47d</load_address>
         <run_address>0x47d</run_address>
         <size>0x69</size>
         <input_file_ref idref="fl-4"/>
      </object_component>
      <object_component id="oc-15b">
         <name>.debug_line</name>
         <load_address>0x4e6</load_address>
         <run_address>0x4e6</run_address>
         <size>0x69</size>
         <input_file_ref idref="fl-4"/>
      </object_component>
      <object_component id="oc-ee">
         <name>.debug_line</name>
         <load_address>0x54f</load_address>
         <run_address>0x54f</run_address>
         <size>0x31f</size>
         <input_file_ref idref="fl-4"/>
      </object_component>
      <object_component id="oc-123">
         <name>.debug_line</name>
         <load_address>0x86e</load_address>
         <run_address>0x86e</run_address>
         <size>0x6a</size>
         <input_file_ref idref="fl-4"/>
      </object_component>
      <object_component id="oc-11f">
         <name>.debug_line</name>
         <load_address>0x8d8</load_address>
         <run_address>0x8d8</run_address>
         <size>0x6e</size>
         <input_file_ref idref="fl-5"/>
      </object_component>
      <object_component id="oc-11d">
         <name>.debug_line</name>
         <load_address>0x946</load_address>
         <run_address>0x946</run_address>
         <size>0x6f</size>
         <input_file_ref idref="fl-5"/>
      </object_component>
      <object_component id="oc-80">
         <name>.debug_line</name>
         <load_address>0x9b5</load_address>
         <run_address>0x9b5</run_address>
         <size>0xc5</size>
         <input_file_ref idref="fl-5"/>
      </object_component>
      <object_component id="oc-15f">
         <name>.debug_line</name>
         <load_address>0xa7a</load_address>
         <run_address>0xa7a</run_address>
         <size>0x10c</size>
         <input_file_ref idref="fl-6"/>
      </object_component>
      <object_component id="oc-15d">
         <name>.debug_line</name>
         <load_address>0xb86</load_address>
         <run_address>0xb86</run_address>
         <size>0x6a</size>
         <input_file_ref idref="fl-6"/>
      </object_component>
      <object_component id="oc-f8">
         <name>.debug_line</name>
         <load_address>0xbf0</load_address>
         <run_address>0xbf0</run_address>
         <size>0xfb</size>
         <input_file_ref idref="fl-6"/>
      </object_component>
      <object_component id="oc-14d">
         <name>.debug_line</name>
         <load_address>0xceb</load_address>
         <run_address>0xceb</run_address>
         <size>0x82</size>
         <input_file_ref idref="fl-7"/>
      </object_component>
      <object_component id="oc-ae">
         <name>.debug_line</name>
         <load_address>0xd6d</load_address>
         <run_address>0xd6d</run_address>
         <size>0x12e</size>
         <input_file_ref idref="fl-7"/>
      </object_component>
      <object_component id="oc-d5">
         <name>.debug_line</name>
         <load_address>0xe9b</load_address>
         <run_address>0xe9b</run_address>
         <size>0x40</size>
         <input_file_ref idref="fl-8"/>
      </object_component>
      <object_component id="oc-82">
         <name>.debug_line</name>
         <load_address>0xedb</load_address>
         <run_address>0xedb</run_address>
         <size>0x40</size>
         <input_file_ref idref="fl-8"/>
      </object_component>
      <object_component id="oc-79">
         <name>.debug_line</name>
         <load_address>0xf1b</load_address>
         <run_address>0xf1b</run_address>
         <size>0x71</size>
         <input_file_ref idref="fl-8"/>
      </object_component>
      <object_component id="oc-152">
         <name>.debug_line</name>
         <load_address>0xf8c</load_address>
         <run_address>0xf8c</run_address>
         <size>0x3b</size>
         <input_file_ref idref="fl-9"/>
      </object_component>
      <object_component id="oc-c1">
         <name>.debug_line</name>
         <load_address>0xfc7</load_address>
         <run_address>0xfc7</run_address>
         <size>0x146</size>
         <input_file_ref idref="fl-9"/>
      </object_component>
      <object_component id="oc-2a">
         <name>.debug_line</name>
         <load_address>0x110d</load_address>
         <run_address>0x110d</run_address>
         <size>0x53</size>
         <input_file_ref idref="fl-c3"/>
      </object_component>
      <object_component id="oc-d7">
         <name>.debug_line</name>
         <load_address>0x1160</load_address>
         <run_address>0x1160</run_address>
         <size>0x20</size>
         <input_file_ref idref="fl-c4"/>
      </object_component>
      <object_component id="oc-15">
         <name>.debug_line</name>
         <load_address>0x1180</load_address>
         <run_address>0x1180</run_address>
         <size>0xa9</size>
         <input_file_ref idref="fl-c4"/>
      </object_component>
      <object_component id="oc-34">
         <name>.debug_line</name>
         <load_address>0x1229</load_address>
         <run_address>0x1229</run_address>
         <size>0x3a</size>
         <input_file_ref idref="fl-c4"/>
      </object_component>
      <object_component id="oc-87">
         <name>.debug_line</name>
         <load_address>0x1263</load_address>
         <run_address>0x1263</run_address>
         <size>0x8a</size>
         <input_file_ref idref="fl-c4"/>
      </object_component>
      <object_component id="oc-91">
         <name>.debug_line</name>
         <load_address>0x12ed</load_address>
         <run_address>0x12ed</run_address>
         <size>0x8a</size>
         <input_file_ref idref="fl-c5"/>
      </object_component>
      <object_component id="oc-1b">
         <name>.debug_line</name>
         <load_address>0x1377</load_address>
         <run_address>0x1377</run_address>
         <size>0x55</size>
         <input_file_ref idref="fl-c5"/>
      </object_component>
      <object_component id="oc-44">
         <name>.debug_line</name>
         <load_address>0x13cc</load_address>
         <run_address>0x13cc</run_address>
         <size>0x3a</size>
         <input_file_ref idref="fl-c5"/>
      </object_component>
      <object_component id="oc-8e">
         <name>.debug_line</name>
         <load_address>0x1406</load_address>
         <run_address>0x1406</run_address>
         <size>0x8a</size>
         <input_file_ref idref="fl-c5"/>
      </object_component>
      <object_component id="oc-99">
         <name>.debug_line</name>
         <load_address>0x1490</load_address>
         <run_address>0x1490</run_address>
         <size>0x8a</size>
         <input_file_ref idref="fl-c6"/>
      </object_component>
      <object_component id="oc-24">
         <name>.debug_line</name>
         <load_address>0x151a</load_address>
         <run_address>0x151a</run_address>
         <size>0x4f</size>
         <input_file_ref idref="fl-c6"/>
      </object_component>
      <object_component id="oc-50">
         <name>.debug_line</name>
         <load_address>0x1569</load_address>
         <run_address>0x1569</run_address>
         <size>0x34</size>
         <input_file_ref idref="fl-c6"/>
      </object_component>
      <object_component id="oc-96">
         <name>.debug_line</name>
         <load_address>0x159d</load_address>
         <run_address>0x159d</run_address>
         <size>0x8a</size>
         <input_file_ref idref="fl-c6"/>
      </object_component>
      <object_component id="oc-116">
         <name>.debug_line</name>
         <load_address>0x1627</load_address>
         <run_address>0x1627</run_address>
         <size>0xf2</size>
         <input_file_ref idref="fl-c7"/>
      </object_component>
      <object_component id="oc-10a">
         <name>.debug_line</name>
         <load_address>0x1719</load_address>
         <run_address>0x1719</run_address>
         <size>0x2a</size>
         <input_file_ref idref="fl-c7"/>
      </object_component>
      <object_component id="oc-6d">
         <name>.debug_line</name>
         <load_address>0x1743</load_address>
         <run_address>0x1743</run_address>
         <size>0x86</size>
         <input_file_ref idref="fl-c7"/>
      </object_component>
      <object_component id="oc-3f">
         <name>.debug_line</name>
         <load_address>0x17c9</load_address>
         <run_address>0x17c9</run_address>
         <size>0x88</size>
         <input_file_ref idref="fl-c8"/>
      </object_component>
      <object_component id="oc-4b">
         <name>.debug_line</name>
         <load_address>0x1851</load_address>
         <run_address>0x1851</run_address>
         <size>0x79</size>
         <input_file_ref idref="fl-c9"/>
      </object_component>
      <object_component id="oc-57">
         <name>.debug_line</name>
         <load_address>0x18ca</load_address>
         <run_address>0x18ca</run_address>
         <size>0x3d</size>
         <input_file_ref idref="fl-ca"/>
      </object_component>
      <object_component id="oc-5e">
         <name>.debug_line</name>
         <load_address>0x1907</load_address>
         <run_address>0x1907</run_address>
         <size>0x40</size>
         <input_file_ref idref="fl-cb"/>
      </object_component>
      <object_component id="oc-bc">
         <name>.debug_line</name>
         <load_address>0x1947</load_address>
         <run_address>0x1947</run_address>
         <size>0x33</size>
         <input_file_ref idref="fl-cc"/>
      </object_component>
      <object_component id="oc-150">
         <name>.debug_line</name>
         <load_address>0x197a</load_address>
         <run_address>0x197a</run_address>
         <size>0x20</size>
         <input_file_ref idref="fl-cd"/>
      </object_component>
      <object_component id="oc-112">
         <name>.debug_line</name>
         <load_address>0x199a</load_address>
         <run_address>0x199a</run_address>
         <size>0x2b</size>
         <input_file_ref idref="fl-cd"/>
      </object_component>
      <object_component id="oc-110">
         <name>.debug_line</name>
         <load_address>0x19c5</load_address>
         <run_address>0x19c5</run_address>
         <size>0x68</size>
         <input_file_ref idref="fl-cd"/>
      </object_component>
      <object_component id="oc-103">
         <name>.debug_line</name>
         <load_address>0x1a2d</load_address>
         <run_address>0x1a2d</run_address>
         <size>0x2b</size>
         <input_file_ref idref="fl-ce"/>
      </object_component>
      <object_component id="oc-6a">
         <name>.debug_line</name>
         <load_address>0x1a58</load_address>
         <run_address>0x1a58</run_address>
         <size>0x4a</size>
         <input_file_ref idref="fl-ce"/>
      </object_component>
      <object_component id="oc-107">
         <name>.debug_line</name>
         <load_address>0x1aa2</load_address>
         <run_address>0x1aa2</run_address>
         <size>0x2b</size>
         <input_file_ref idref="fl-ce"/>
      </object_component>
      <object_component id="oc-dc">
         <name>.debug_line</name>
         <load_address>0x1acd</load_address>
         <run_address>0x1acd</run_address>
         <size>0xa9</size>
         <input_file_ref idref="fl-cf"/>
      </object_component>
      <object_component id="oc-64">
         <name>.debug_line</name>
         <load_address>0x1b76</load_address>
         <run_address>0x1b76</run_address>
         <size>0x8b</size>
         <input_file_ref idref="fl-cf"/>
      </object_component>
      <object_component id="oc-e0">
         <name>.debug_line</name>
         <load_address>0x1c01</load_address>
         <run_address>0x1c01</run_address>
         <size>0x2e</size>
         <input_file_ref idref="fl-cf"/>
      </object_component>
      <object_component id="oc-134">
         <name>.debug_line</name>
         <load_address>0x1c2f</load_address>
         <run_address>0x1c2f</run_address>
         <size>0x8a</size>
         <input_file_ref idref="fl-cf"/>
      </object_component>
      <object_component id="oc-e5">
         <name>.debug_line</name>
         <load_address>0x1cb9</load_address>
         <run_address>0x1cb9</run_address>
         <size>0x8b</size>
         <input_file_ref idref="fl-cf"/>
      </object_component>
      <object_component id="oc-12b">
         <name>.debug_line</name>
         <load_address>0x1d44</load_address>
         <run_address>0x1d44</run_address>
         <size>0x98</size>
         <input_file_ref idref="fl-d0"/>
      </object_component>
      <object_component id="oc-a1">
         <name>.debug_line</name>
         <load_address>0x1ddc</load_address>
         <run_address>0x1ddc</run_address>
         <size>0x68</size>
         <input_file_ref idref="fl-d0"/>
      </object_component>
      <object_component id="oc-12f">
         <name>.debug_line</name>
         <load_address>0x1e44</load_address>
         <run_address>0x1e44</run_address>
         <size>0x2e</size>
         <input_file_ref idref="fl-d0"/>
      </object_component>
      <object_component id="oc-a6">
         <name>.debug_line</name>
         <load_address>0x1e72</load_address>
         <run_address>0x1e72</run_address>
         <size>0x3c</size>
         <input_file_ref idref="fl-d1"/>
      </object_component>
      <object_component id="oc-ec">
         <name>.debug_frame</name>
         <load_address>0x0</load_address>
         <run_address>0x0</run_address>
         <size>0xb0</size>
         <input_file_ref idref="fl-2"/>
      </object_component>
      <object_component id="oc-c8">
         <name>.debug_frame</name>
         <load_address>0xb0</load_address>
         <run_address>0xb0</run_address>
         <size>0xa4</size>
         <input_file_ref idref="fl-3"/>
      </object_component>
      <object_component id="oc-f2">
         <name>.debug_frame</name>
         <load_address>0x154</load_address>
         <run_address>0x154</run_address>
         <size>0x1e4</size>
         <input_file_ref idref="fl-4"/>
      </object_component>
      <object_component id="oc-7f">
         <name>.debug_frame</name>
         <load_address>0x338</load_address>
         <run_address>0x338</run_address>
         <size>0x8c</size>
         <input_file_ref idref="fl-5"/>
      </object_component>
      <object_component id="oc-f5">
         <name>.debug_frame</name>
         <load_address>0x3c4</load_address>
         <run_address>0x3c4</run_address>
         <size>0xa4</size>
         <input_file_ref idref="fl-6"/>
      </object_component>
      <object_component id="oc-af">
         <name>.debug_frame</name>
         <load_address>0x468</load_address>
         <run_address>0x468</run_address>
         <size>0xa8</size>
         <input_file_ref idref="fl-7"/>
      </object_component>
      <object_component id="oc-7a">
         <name>.debug_frame</name>
         <load_address>0x510</load_address>
         <run_address>0x510</run_address>
         <size>0x6c</size>
         <input_file_ref idref="fl-8"/>
      </object_component>
      <object_component id="oc-c2">
         <name>.debug_frame</name>
         <load_address>0x57c</load_address>
         <run_address>0x57c</run_address>
         <size>0x70</size>
         <input_file_ref idref="fl-9"/>
      </object_component>
      <object_component id="oc-16">
         <name>.debug_frame</name>
         <load_address>0x5ec</load_address>
         <run_address>0x5ec</run_address>
         <size>0x60</size>
         <input_file_ref idref="fl-c4"/>
      </object_component>
      <object_component id="oc-1c">
         <name>.debug_frame</name>
         <load_address>0x64c</load_address>
         <run_address>0x64c</run_address>
         <size>0x54</size>
         <input_file_ref idref="fl-c5"/>
      </object_component>
      <object_component id="oc-25">
         <name>.debug_frame</name>
         <load_address>0x6a0</load_address>
         <run_address>0x6a0</run_address>
         <size>0x54</size>
         <input_file_ref idref="fl-c6"/>
      </object_component>
      <object_component id="oc-6e">
         <name>.debug_frame</name>
         <load_address>0x6f4</load_address>
         <run_address>0x6f4</run_address>
         <size>0x88</size>
         <input_file_ref idref="fl-c7"/>
      </object_component>
      <object_component id="oc-58">
         <name>.debug_frame</name>
         <load_address>0x77c</load_address>
         <run_address>0x77c</run_address>
         <size>0x54</size>
         <input_file_ref idref="fl-ca"/>
      </object_component>
      <object_component id="oc-5b">
         <name>.debug_frame</name>
         <load_address>0x7d0</load_address>
         <run_address>0x7d0</run_address>
         <size>0x54</size>
         <input_file_ref idref="fl-cb"/>
      </object_component>
      <object_component id="oc-10f">
         <name>.debug_frame</name>
         <load_address>0x824</load_address>
         <run_address>0x824</run_address>
         <size>0x7c</size>
         <input_file_ref idref="fl-cd"/>
      </object_component>
      <object_component id="oc-69">
         <name>.debug_frame</name>
         <load_address>0x8a0</load_address>
         <run_address>0x8a0</run_address>
         <size>0x54</size>
         <input_file_ref idref="fl-ce"/>
      </object_component>
      <object_component id="oc-63">
         <name>.debug_frame</name>
         <load_address>0x8f4</load_address>
         <run_address>0x8f4</run_address>
         <size>0x5c</size>
         <input_file_ref idref="fl-cf"/>
      </object_component>
      <object_component id="oc-a0">
         <name>.debug_frame</name>
         <load_address>0x950</load_address>
         <run_address>0x950</run_address>
         <size>0x60</size>
         <input_file_ref idref="fl-d0"/>
      </object_component>
      <object_component id="oc-a7">
         <name>.debug_frame</name>
         <load_address>0x9b0</load_address>
         <run_address>0x9b0</run_address>
         <size>0x54</size>
         <input_file_ref idref="fl-d1"/>
      </object_component>
      <object_component id="oc-160">
         <name>.debug_abbrev</name>
         <load_address>0x0</load_address>
         <run_address>0x0</run_address>
         <size>0x68</size>
         <input_file_ref idref="fl-2"/>
      </object_component>
      <object_component id="oc-154">
         <name>.debug_abbrev</name>
         <load_address>0x68</load_address>
         <run_address>0x68</run_address>
         <size>0x29</size>
         <input_file_ref idref="fl-2"/>
      </object_component>
      <object_component id="oc-139">
         <name>.debug_abbrev</name>
         <load_address>0x91</load_address>
         <run_address>0x91</run_address>
         <size>0xa9</size>
         <input_file_ref idref="fl-2"/>
      </object_component>
      <object_component id="oc-164">
         <name>.debug_abbrev</name>
         <load_address>0x13a</load_address>
         <run_address>0x13a</run_address>
         <size>0xbd</size>
         <input_file_ref idref="fl-2"/>
      </object_component>
      <object_component id="oc-127">
         <name>.debug_abbrev</name>
         <load_address>0x1f7</load_address>
         <run_address>0x1f7</run_address>
         <size>0x97</size>
         <input_file_ref idref="fl-2"/>
      </object_component>
      <object_component id="oc-38">
         <name>.debug_abbrev</name>
         <load_address>0x28e</load_address>
         <run_address>0x28e</run_address>
         <size>0x1f</size>
         <input_file_ref idref="fl-2"/>
      </object_component>
      <object_component id="oc-d0">
         <name>.debug_abbrev</name>
         <load_address>0x2ad</load_address>
         <run_address>0x2ad</run_address>
         <size>0x35</size>
         <input_file_ref idref="fl-2"/>
      </object_component>
      <object_component id="oc-11b">
         <name>.debug_abbrev</name>
         <load_address>0x2e2</load_address>
         <run_address>0x2e2</run_address>
         <size>0x50</size>
         <input_file_ref idref="fl-3"/>
      </object_component>
      <object_component id="oc-158">
         <name>.debug_abbrev</name>
         <load_address>0x332</load_address>
         <run_address>0x332</run_address>
         <size>0x9d</size>
         <input_file_ref idref="fl-4"/>
      </object_component>
      <object_component id="oc-156">
         <name>.debug_abbrev</name>
         <load_address>0x3cf</load_address>
         <run_address>0x3cf</run_address>
         <size>0x27</size>
         <input_file_ref idref="fl-4"/>
      </object_component>
      <object_component id="oc-15a">
         <name>.debug_abbrev</name>
         <load_address>0x3f6</load_address>
         <run_address>0x3f6</run_address>
         <size>0x29</size>
         <input_file_ref idref="fl-4"/>
      </object_component>
      <object_component id="oc-143">
         <name>.debug_abbrev</name>
         <load_address>0x41f</load_address>
         <run_address>0x41f</run_address>
         <size>0xd2</size>
         <input_file_ref idref="fl-4"/>
      </object_component>
      <object_component id="oc-122">
         <name>.debug_abbrev</name>
         <load_address>0x4f1</load_address>
         <run_address>0x4f1</run_address>
         <size>0xbd</size>
         <input_file_ref idref="fl-4"/>
      </object_component>
      <object_component id="oc-11e">
         <name>.debug_abbrev</name>
         <load_address>0x5ae</load_address>
         <run_address>0x5ae</run_address>
         <size>0xad</size>
         <input_file_ref idref="fl-5"/>
      </object_component>
      <object_component id="oc-11c">
         <name>.debug_abbrev</name>
         <load_address>0x65b</load_address>
         <run_address>0x65b</run_address>
         <size>0x29</size>
         <input_file_ref idref="fl-5"/>
      </object_component>
      <object_component id="oc-cd">
         <name>.debug_abbrev</name>
         <load_address>0x684</load_address>
         <run_address>0x684</run_address>
         <size>0x89</size>
         <input_file_ref idref="fl-5"/>
      </object_component>
      <object_component id="oc-15e">
         <name>.debug_abbrev</name>
         <load_address>0x70d</load_address>
         <run_address>0x70d</run_address>
         <size>0xbd</size>
         <input_file_ref idref="fl-6"/>
      </object_component>
      <object_component id="oc-15c">
         <name>.debug_abbrev</name>
         <load_address>0x7ca</load_address>
         <run_address>0x7ca</run_address>
         <size>0x29</size>
         <input_file_ref idref="fl-6"/>
      </object_component>
      <object_component id="oc-14b">
         <name>.debug_abbrev</name>
         <load_address>0x7f3</load_address>
         <run_address>0x7f3</run_address>
         <size>0xa9</size>
         <input_file_ref idref="fl-6"/>
      </object_component>
      <object_component id="oc-14c">
         <name>.debug_abbrev</name>
         <load_address>0x89c</load_address>
         <run_address>0x89c</run_address>
         <size>0xed</size>
         <input_file_ref idref="fl-7"/>
      </object_component>
      <object_component id="oc-101">
         <name>.debug_abbrev</name>
         <load_address>0x989</load_address>
         <run_address>0x989</run_address>
         <size>0xa9</size>
         <input_file_ref idref="fl-7"/>
      </object_component>
      <object_component id="oc-d4">
         <name>.debug_abbrev</name>
         <load_address>0xa32</load_address>
         <run_address>0xa32</run_address>
         <size>0x73</size>
         <input_file_ref idref="fl-8"/>
      </object_component>
      <object_component id="oc-81">
         <name>.debug_abbrev</name>
         <load_address>0xaa5</load_address>
         <run_address>0xaa5</run_address>
         <size>0x29</size>
         <input_file_ref idref="fl-8"/>
      </object_component>
      <object_component id="oc-c3">
         <name>.debug_abbrev</name>
         <load_address>0xace</load_address>
         <run_address>0xace</run_address>
         <size>0x89</size>
         <input_file_ref idref="fl-8"/>
      </object_component>
      <object_component id="oc-151">
         <name>.debug_abbrev</name>
         <load_address>0xb57</load_address>
         <run_address>0xb57</run_address>
         <size>0x29</size>
         <input_file_ref idref="fl-9"/>
      </object_component>
      <object_component id="oc-11a">
         <name>.debug_abbrev</name>
         <load_address>0xb80</load_address>
         <run_address>0xb80</run_address>
         <size>0x8b</size>
         <input_file_ref idref="fl-9"/>
      </object_component>
      <object_component id="oc-74">
         <name>.debug_abbrev</name>
         <load_address>0xc0b</load_address>
         <run_address>0xc0b</run_address>
         <size>0x3e</size>
         <input_file_ref idref="fl-c3"/>
      </object_component>
      <object_component id="oc-d6">
         <name>.debug_abbrev</name>
         <load_address>0xc49</load_address>
         <run_address>0xc49</run_address>
         <size>0x37</size>
         <input_file_ref idref="fl-c4"/>
      </object_component>
      <object_component id="oc-30">
         <name>.debug_abbrev</name>
         <load_address>0xc80</load_address>
         <run_address>0xc80</run_address>
         <size>0x6f</size>
         <input_file_ref idref="fl-c4"/>
      </object_component>
      <object_component id="oc-33">
         <name>.debug_abbrev</name>
         <load_address>0xcef</load_address>
         <run_address>0xcef</run_address>
         <size>0x24</size>
         <input_file_ref idref="fl-c4"/>
      </object_component>
      <object_component id="oc-86">
         <name>.debug_abbrev</name>
         <load_address>0xd13</load_address>
         <run_address>0xd13</run_address>
         <size>0x35</size>
         <input_file_ref idref="fl-c4"/>
      </object_component>
      <object_component id="oc-90">
         <name>.debug_abbrev</name>
         <load_address>0xd48</load_address>
         <run_address>0xd48</run_address>
         <size>0x5d</size>
         <input_file_ref idref="fl-c5"/>
      </object_component>
      <object_component id="oc-40">
         <name>.debug_abbrev</name>
         <load_address>0xda5</load_address>
         <run_address>0xda5</run_address>
         <size>0x74</size>
         <input_file_ref idref="fl-c5"/>
      </object_component>
      <object_component id="oc-43">
         <name>.debug_abbrev</name>
         <load_address>0xe19</load_address>
         <run_address>0xe19</run_address>
         <size>0x24</size>
         <input_file_ref idref="fl-c5"/>
      </object_component>
      <object_component id="oc-8d">
         <name>.debug_abbrev</name>
         <load_address>0xe3d</load_address>
         <run_address>0xe3d</run_address>
         <size>0x24</size>
         <input_file_ref idref="fl-c5"/>
      </object_component>
      <object_component id="oc-98">
         <name>.debug_abbrev</name>
         <load_address>0xe61</load_address>
         <run_address>0xe61</run_address>
         <size>0x5d</size>
         <input_file_ref idref="fl-c6"/>
      </object_component>
      <object_component id="oc-4c">
         <name>.debug_abbrev</name>
         <load_address>0xebe</load_address>
         <run_address>0xebe</run_address>
         <size>0x74</size>
         <input_file_ref idref="fl-c6"/>
      </object_component>
      <object_component id="oc-4f">
         <name>.debug_abbrev</name>
         <load_address>0xf32</load_address>
         <run_address>0xf32</run_address>
         <size>0x24</size>
         <input_file_ref idref="fl-c6"/>
      </object_component>
      <object_component id="oc-95">
         <name>.debug_abbrev</name>
         <load_address>0xf56</load_address>
         <run_address>0xf56</run_address>
         <size>0x24</size>
         <input_file_ref idref="fl-c6"/>
      </object_component>
      <object_component id="oc-115">
         <name>.debug_abbrev</name>
         <load_address>0xf7a</load_address>
         <run_address>0xf7a</run_address>
         <size>0xb3</size>
         <input_file_ref idref="fl-c7"/>
      </object_component>
      <object_component id="oc-109">
         <name>.debug_abbrev</name>
         <load_address>0x102d</load_address>
         <run_address>0x102d</run_address>
         <size>0x29</size>
         <input_file_ref idref="fl-c7"/>
      </object_component>
      <object_component id="oc-b8">
         <name>.debug_abbrev</name>
         <load_address>0x1056</load_address>
         <run_address>0x1056</run_address>
         <size>0xba</size>
         <input_file_ref idref="fl-c7"/>
      </object_component>
      <object_component id="oc-8a">
         <name>.debug_abbrev</name>
         <load_address>0x1110</load_address>
         <run_address>0x1110</run_address>
         <size>0x3e</size>
         <input_file_ref idref="fl-c8"/>
      </object_component>
      <object_component id="oc-92">
         <name>.debug_abbrev</name>
         <load_address>0x114e</load_address>
         <run_address>0x114e</run_address>
         <size>0x4f</size>
         <input_file_ref idref="fl-c9"/>
      </object_component>
      <object_component id="oc-9a">
         <name>.debug_abbrev</name>
         <load_address>0x119d</load_address>
         <run_address>0x119d</run_address>
         <size>0x53</size>
         <input_file_ref idref="fl-ca"/>
      </object_component>
      <object_component id="oc-9b">
         <name>.debug_abbrev</name>
         <load_address>0x11f0</load_address>
         <run_address>0x11f0</run_address>
         <size>0x55</size>
         <input_file_ref idref="fl-cb"/>
      </object_component>
      <object_component id="oc-bb">
         <name>.debug_abbrev</name>
         <load_address>0x1245</load_address>
         <run_address>0x1245</run_address>
         <size>0x27</size>
         <input_file_ref idref="fl-cc"/>
      </object_component>
      <object_component id="oc-14f">
         <name>.debug_abbrev</name>
         <load_address>0x126c</load_address>
         <run_address>0x126c</run_address>
         <size>0x50</size>
         <input_file_ref idref="fl-cd"/>
      </object_component>
      <object_component id="oc-111">
         <name>.debug_abbrev</name>
         <load_address>0x12bc</load_address>
         <run_address>0x12bc</run_address>
         <size>0x29</size>
         <input_file_ref idref="fl-cd"/>
      </object_component>
      <object_component id="oc-14e">
         <name>.debug_abbrev</name>
         <load_address>0x12e5</load_address>
         <run_address>0x12e5</run_address>
         <size>0x6f</size>
         <input_file_ref idref="fl-cd"/>
      </object_component>
      <object_component id="oc-102">
         <name>.debug_abbrev</name>
         <load_address>0x1354</load_address>
         <run_address>0x1354</run_address>
         <size>0x99</size>
         <input_file_ref idref="fl-ce"/>
      </object_component>
      <object_component id="oc-b0">
         <name>.debug_abbrev</name>
         <load_address>0x13ed</load_address>
         <run_address>0x13ed</run_address>
         <size>0x68</size>
         <input_file_ref idref="fl-ce"/>
      </object_component>
      <object_component id="oc-106">
         <name>.debug_abbrev</name>
         <load_address>0x1455</load_address>
         <run_address>0x1455</run_address>
         <size>0x49</size>
         <input_file_ref idref="fl-ce"/>
      </object_component>
      <object_component id="oc-db">
         <name>.debug_abbrev</name>
         <load_address>0x149e</load_address>
         <run_address>0x149e</run_address>
         <size>0xb9</size>
         <input_file_ref idref="fl-cf"/>
      </object_component>
      <object_component id="oc-a8">
         <name>.debug_abbrev</name>
         <load_address>0x1557</load_address>
         <run_address>0x1557</run_address>
         <size>0x7e</size>
         <input_file_ref idref="fl-cf"/>
      </object_component>
      <object_component id="oc-df">
         <name>.debug_abbrev</name>
         <load_address>0x15d5</load_address>
         <run_address>0x15d5</run_address>
         <size>0x24</size>
         <input_file_ref idref="fl-cf"/>
      </object_component>
      <object_component id="oc-133">
         <name>.debug_abbrev</name>
         <load_address>0x15f9</load_address>
         <run_address>0x15f9</run_address>
         <size>0x24</size>
         <input_file_ref idref="fl-cf"/>
      </object_component>
      <object_component id="oc-e4">
         <name>.debug_abbrev</name>
         <load_address>0x161d</load_address>
         <run_address>0x161d</run_address>
         <size>0x4b</size>
         <input_file_ref idref="fl-cf"/>
      </object_component>
      <object_component id="oc-12a">
         <name>.debug_abbrev</name>
         <load_address>0x1668</load_address>
         <run_address>0x1668</run_address>
         <size>0xa7</size>
         <input_file_ref idref="fl-d0"/>
      </object_component>
      <object_component id="oc-d8">
         <name>.debug_abbrev</name>
         <load_address>0x170f</load_address>
         <run_address>0x170f</run_address>
         <size>0x8c</size>
         <input_file_ref idref="fl-d0"/>
      </object_component>
      <object_component id="oc-12e">
         <name>.debug_abbrev</name>
         <load_address>0x179b</load_address>
         <run_address>0x179b</run_address>
         <size>0x24</size>
         <input_file_ref idref="fl-d0"/>
      </object_component>
      <object_component id="oc-da">
         <name>.debug_abbrev</name>
         <load_address>0x17bf</load_address>
         <run_address>0x17bf</run_address>
         <size>0x53</size>
         <input_file_ref idref="fl-d1"/>
      </object_component>
      <object_component id="oc-192">
         <name>.debug_abbrev</name>
         <load_address>0x1812</load_address>
         <run_address>0x1812</run_address>
         <size>0xf</size>
      </object_component>
      <object_component id="oc-166">
         <name>.debug_str</name>
         <load_address>0x0</load_address>
         <run_address>0x0</run_address>
         <size>0x15ee</size>
         <input_file_ref idref="fl-2"/>
      </object_component>
      <object_component id="oc-129">
         <name>.debug_str</name>
         <load_address>0x15ee</load_address>
         <run_address>0x15ee</run_address>
         <size>0x4aa</size>
         <input_file_ref idref="fl-2"/>
      </object_component>
      <object_component id="oc-3a">
         <name>.debug_str</name>
         <load_address>0x1a98</load_address>
         <run_address>0x1a98</run_address>
         <size>0xfa</size>
         <input_file_ref idref="fl-2"/>
      </object_component>
      <object_component id="oc-d2">
         <name>.debug_str</name>
         <load_address>0x1b92</load_address>
         <run_address>0x1b92</run_address>
         <size>0x244</size>
         <input_file_ref idref="fl-2"/>
      </object_component>
      <object_component id="oc-124">
         <name>.debug_str</name>
         <load_address>0x1dd6</load_address>
         <run_address>0x1dd6</run_address>
         <size>0x15ee</size>
         <input_file_ref idref="fl-4"/>
      </object_component>
      <object_component id="oc-35">
         <name>.debug_str</name>
         <load_address>0x33c4</load_address>
         <run_address>0x33c4</run_address>
         <size>0x10d</size>
         <input_file_ref idref="fl-c4"/>
      </object_component>
      <object_component id="oc-88">
         <name>.debug_str</name>
         <load_address>0x34d1</load_address>
         <run_address>0x34d1</run_address>
         <size>0x14a</size>
         <input_file_ref idref="fl-c4"/>
      </object_component>
      <object_component id="oc-45">
         <name>.debug_str</name>
         <load_address>0x361b</load_address>
         <run_address>0x361b</run_address>
         <size>0x100</size>
         <input_file_ref idref="fl-c5"/>
      </object_component>
      <object_component id="oc-8f">
         <name>.debug_str</name>
         <load_address>0x371b</load_address>
         <run_address>0x371b</run_address>
         <size>0x12d</size>
         <input_file_ref idref="fl-c5"/>
      </object_component>
      <object_component id="oc-51">
         <name>.debug_str</name>
         <load_address>0x3848</load_address>
         <run_address>0x3848</run_address>
         <size>0xfa</size>
         <input_file_ref idref="fl-c6"/>
      </object_component>
      <object_component id="oc-97">
         <name>.debug_str</name>
         <load_address>0x3942</load_address>
         <run_address>0x3942</run_address>
         <size>0x12d</size>
         <input_file_ref idref="fl-c6"/>
      </object_component>
      <object_component id="oc-108">
         <name>.debug_str</name>
         <load_address>0x3a6f</load_address>
         <run_address>0x3a6f</run_address>
         <size>0xd6</size>
         <input_file_ref idref="fl-ce"/>
      </object_component>
      <object_component id="oc-e1">
         <name>.debug_str</name>
         <load_address>0x3b45</load_address>
         <run_address>0x3b45</run_address>
         <size>0xe2</size>
         <input_file_ref idref="fl-cf"/>
      </object_component>
      <object_component id="oc-135">
         <name>.debug_str</name>
         <load_address>0x3c27</load_address>
         <run_address>0x3c27</run_address>
         <size>0x138</size>
         <input_file_ref idref="fl-cf"/>
      </object_component>
      <object_component id="oc-e6">
         <name>.debug_str</name>
         <load_address>0x3d5f</load_address>
         <run_address>0x3d5f</run_address>
         <size>0x184</size>
         <input_file_ref idref="fl-cf"/>
      </object_component>
      <object_component id="oc-130">
         <name>.debug_str</name>
         <load_address>0x3ee3</load_address>
         <run_address>0x3ee3</run_address>
         <size>0xd7</size>
         <input_file_ref idref="fl-d0"/>
      </object_component>
      <object_component id="oc-e9">
         <name>.debug_aranges</name>
         <load_address>0x0</load_address>
         <run_address>0x0</run_address>
         <size>0x40</size>
         <input_file_ref idref="fl-2"/>
      </object_component>
      <object_component id="oc-c7">
         <name>.debug_aranges</name>
         <load_address>0x40</load_address>
         <run_address>0x40</run_address>
         <size>0x40</size>
         <input_file_ref idref="fl-3"/>
      </object_component>
      <object_component id="oc-f0">
         <name>.debug_aranges</name>
         <load_address>0x80</load_address>
         <run_address>0x80</run_address>
         <size>0x98</size>
         <input_file_ref idref="fl-4"/>
      </object_component>
      <object_component id="oc-7d">
         <name>.debug_aranges</name>
         <load_address>0x118</load_address>
         <run_address>0x118</run_address>
         <size>0x30</size>
         <input_file_ref idref="fl-5"/>
      </object_component>
      <object_component id="oc-f4">
         <name>.debug_aranges</name>
         <load_address>0x148</load_address>
         <run_address>0x148</run_address>
         <size>0x38</size>
         <input_file_ref idref="fl-6"/>
      </object_component>
      <object_component id="oc-ad">
         <name>.debug_aranges</name>
         <load_address>0x180</load_address>
         <run_address>0x180</run_address>
         <size>0x38</size>
         <input_file_ref idref="fl-7"/>
      </object_component>
      <object_component id="oc-78">
         <name>.debug_aranges</name>
         <load_address>0x1b8</load_address>
         <run_address>0x1b8</run_address>
         <size>0x28</size>
         <input_file_ref idref="fl-8"/>
      </object_component>
      <object_component id="oc-bf">
         <name>.debug_aranges</name>
         <load_address>0x1e0</load_address>
         <run_address>0x1e0</run_address>
         <size>0x28</size>
         <input_file_ref idref="fl-9"/>
      </object_component>
      <object_component id="oc-29">
         <name>.debug_aranges</name>
         <load_address>0x208</load_address>
         <run_address>0x208</run_address>
         <size>0x20</size>
         <input_file_ref idref="fl-c3"/>
      </object_component>
      <object_component id="oc-19">
         <name>.debug_aranges</name>
         <load_address>0x228</load_address>
         <run_address>0x228</run_address>
         <size>0x20</size>
         <input_file_ref idref="fl-c4"/>
      </object_component>
      <object_component id="oc-1e">
         <name>.debug_aranges</name>
         <load_address>0x248</load_address>
         <run_address>0x248</run_address>
         <size>0x20</size>
         <input_file_ref idref="fl-c5"/>
      </object_component>
      <object_component id="oc-22">
         <name>.debug_aranges</name>
         <load_address>0x268</load_address>
         <run_address>0x268</run_address>
         <size>0x20</size>
         <input_file_ref idref="fl-c6"/>
      </object_component>
      <object_component id="oc-6c">
         <name>.debug_aranges</name>
         <load_address>0x288</load_address>
         <run_address>0x288</run_address>
         <size>0x30</size>
         <input_file_ref idref="fl-c7"/>
      </object_component>
      <object_component id="oc-3c">
         <name>.debug_aranges</name>
         <load_address>0x2b8</load_address>
         <run_address>0x2b8</run_address>
         <size>0x20</size>
         <input_file_ref idref="fl-c8"/>
      </object_component>
      <object_component id="oc-49">
         <name>.debug_aranges</name>
         <load_address>0x2d8</load_address>
         <run_address>0x2d8</run_address>
         <size>0x28</size>
         <input_file_ref idref="fl-c9"/>
      </object_component>
      <object_component id="oc-55">
         <name>.debug_aranges</name>
         <load_address>0x300</load_address>
         <run_address>0x300</run_address>
         <size>0x20</size>
         <input_file_ref idref="fl-ca"/>
      </object_component>
      <object_component id="oc-5a">
         <name>.debug_aranges</name>
         <load_address>0x320</load_address>
         <run_address>0x320</run_address>
         <size>0x20</size>
         <input_file_ref idref="fl-cb"/>
      </object_component>
      <object_component id="oc-10e">
         <name>.debug_aranges</name>
         <load_address>0x340</load_address>
         <run_address>0x340</run_address>
         <size>0x30</size>
         <input_file_ref idref="fl-cd"/>
      </object_component>
      <object_component id="oc-67">
         <name>.debug_aranges</name>
         <load_address>0x370</load_address>
         <run_address>0x370</run_address>
         <size>0x20</size>
         <input_file_ref idref="fl-ce"/>
      </object_component>
      <object_component id="oc-61">
         <name>.debug_aranges</name>
         <load_address>0x390</load_address>
         <run_address>0x390</run_address>
         <size>0x20</size>
         <input_file_ref idref="fl-cf"/>
      </object_component>
      <object_component id="oc-9e">
         <name>.debug_aranges</name>
         <load_address>0x3b0</load_address>
         <run_address>0x3b0</run_address>
         <size>0x20</size>
         <input_file_ref idref="fl-d0"/>
      </object_component>
      <object_component id="oc-a5">
         <name>.debug_aranges</name>
         <load_address>0x3d0</load_address>
         <run_address>0x3d0</run_address>
         <size>0x20</size>
         <input_file_ref idref="fl-d1"/>
      </object_component>
      <object_component id="oc-138">
         <name>.debug_pubnames</name>
         <load_address>0x0</load_address>
         <run_address>0x0</run_address>
         <size>0x67</size>
         <input_file_ref idref="fl-2"/>
      </object_component>
      <object_component id="oc-ea">
         <name>.debug_pubnames</name>
         <load_address>0x67</load_address>
         <run_address>0x67</run_address>
         <size>0x68</size>
         <input_file_ref idref="fl-2"/>
      </object_component>
      <object_component id="oc-c6">
         <name>.debug_pubnames</name>
         <load_address>0xcf</load_address>
         <run_address>0xcf</run_address>
         <size>0x74</size>
         <input_file_ref idref="fl-3"/>
[...]
      <symbol id="sm-83">
         <name>Prewait</name>
         <value>0x20000230</value>
         <object_component_ref idref="oc-136"/>
      </symbol>
      <symbol id="sm-84">
         <name>IFlags</name>
         <value>0x2000023c</value>
         <object_component_ref idref="oc-136"/>
      </symbol>
      <symbol id="sm-85">
         <name>ClockFrequency</name>
         <value>0x2000022c</value>
         <object_component_ref idref="oc-136"/>
      </symbol>
      <symbol id="sm-86">
         <name>Postwait</name>
         <value>0x20000238</value>
         <object_component_ref idref="oc-136"/>
      </symbol>
      <symbol id="sm-87">
         <name>delay</name>
         <value>0xc75</value>
         <object_component_ref idref="oc-e7"/>
      </symbol>
      <symbol id="sm-88">
         <name>CPMwait</name>
         <value>0x20000234</value>
         <object_component_ref idref="oc-136"/>
      </symbol>
      <symbol id="sm-89">
         <name>Clock_Init48MHz</name>
         <value>0xb59</value>
         <object_component_ref idref="oc-e7"/>
      </symbol>
      <symbol id="sm-97">
         <name>StartCritical</name>
         <value>0x1221</value>
         <object_component_ref idref="oc-c4"/>
      </symbol>
      <symbol id="sm-98">
         <name>EndCritical</name>
         <value>0x122b</value>
         <object_component_ref idref="oc-c4"/>
      </symbol>
      <symbol id="sm-99">
         <name>DisableInterrupts</name>
         <value>0x1215</value>
         <object_component_ref idref="oc-c4"/>
      </symbol>
      <symbol id="sm-9a">
         <name>WaitForInterrupt</name>
         <value>0x1233</value>
         <object_component_ref idref="oc-c4"/>
      </symbol>
      <symbol id="sm-9b">
         <name>EnableInterrupts</name>
         <value>0x121b</value>
         <object_component_ref idref="oc-c4"/>
      </symbol>
      <symbol id="sm-f9">
         <name>Screen</name>
         <value>0x20000000</value>
      </symbol>
      <symbol id="sm-fa">
         <name>Nokia5110_SetCursor</name>
         <value>0x297</value>
         <object_component_ref idref="oc-ed"/>
      </symbol>
      <symbol id="sm-fb">
         <name>Nokia5110_ClearBuffer</name>
         <value>0x539</value>
         <object_component_ref idref="oc-ed"/>
      </symbol>
      <symbol id="sm-fc">
         <name>Nokia5110_PrintBMP</name>
         <value>0x355</value>
         <object_component_ref idref="oc-ed"/>
      </symbol>
      <symbol id="sm-fd">
         <name>Nokia5110_SetPxl</name>
         <value>0x593</value>
         <object_component_ref idref="oc-ed"/>
      </symbol>
      <symbol id="sm-fe">
         <name>Nokia5110_DisplayBuffer</name>
         <value>0x563</value>
         <object_component_ref idref="oc-ed"/>
      </symbol>
      <symbol id="sm-ff">
         <name>Nokia5110_OutSDec</name>
         <value>0x1fd</value>
         <object_component_ref idref="oc-ed"/>
      </symbol>
      <symbol id="sm-100">
         <name>Nokia5110_OutUFix1</name>
         <value>0x209</value>
         <object_component_ref idref="oc-ed"/>
      </symbol>
      <symbol id="sm-101">
         <name>Nokia5110_Init</name>
         <value>0xfd</value>
         <object_component_ref idref="oc-ed"/>
      </symbol>
      <symbol id="sm-102">
         <name>Nokia5110_DrawFullImage</name>
         <value>0x2ff</value>
         <object_component_ref idref="oc-ed"/>
      </symbol>
      <symbol id="sm-103">
         <name>Nokia5110_OutString</name>
         <value>0x1e7</value>
         <object_component_ref idref="oc-ed"/>
      </symbol>
      <symbol id="sm-104">
         <name>Nokia5110_OutUDec</name>
         <value>0x1f1</value>
         <object_component_ref idref="oc-ed"/>
      </symbol>
      <symbol id="sm-105">
         <name>Nokia5110_OutChar</name>
         <value>0x1a7</value>
         <object_component_ref idref="oc-ed"/>
      </symbol>
      <symbol id="sm-106">
         <name>Nokia5110_ClrPxl</name>
         <value>0x56d</value>
         <object_component_ref idref="oc-ed"/>
      </symbol>
      <symbol id="sm-107">
         <name>Nokia5110_Clear</name>
         <value>0x2d3</value>
         <object_component_ref idref="oc-ed"/>
      </symbol>
      <symbol id="sm-108">
         <name>Masks</name>
         <value>0x1472</value>
         <object_component_ref idref="oc-140"/>
      </symbol>
      <symbol id="sm-129">
         <name>TimerA2Capture_Init</name>
         <value>0xe6d</value>
         <object_component_ref idref="oc-7b"/>
      </symbol>
      <symbol id="sm-12a">
         <name>ta2dummy</name>
         <value>0xe61</value>
         <object_component_ref idref="oc-7b"/>
      </symbol>
      <symbol id="sm-12b">
         <name>CaptureTask2</name>
         <value>0x20000264</value>
         <object_component_ref idref="oc-ca"/>
      </symbol>
      <symbol id="sm-12c">
         <name>TA2_N_IRQHandler</name>
         <value>0xee9</value>
         <object_component_ref idref="oc-7b"/>
      </symbol>
      <symbol id="sm-156">
         <name>Ultrasound_FirstTime</name>
         <value>0x20000228</value>
      </symbol>
      <symbol id="sm-157">
         <name>Ultrasound_SecondTime</name>
         <value>0x2000022a</value>
      </symbol>
      <symbol id="sm-158">
         <name>Ultrasound_Valid</name>
         <value>0x20000254</value>
         <object_component_ref idref="oc-144"/>
      </symbol>
      <symbol id="sm-159">
         <name>ultrasoundint</name>
         <value>0xd39</value>
         <object_component_ref idref="oc-f3"/>
      </symbol>
      <symbol id="sm-15a">
         <name>Ultrasound_Count</name>
         <value>0x20000250</value>
         <object_component_ref idref="oc-144"/>
      </symbol>
      <symbol id="sm-15b">
         <name>Ultrasound_Busy</name>
         <value>0x20000258</value>
         <object_component_ref idref="oc-144"/>
      </symbol>
      <symbol id="sm-15c">
         <name>Ultrasound_Init</name>
         <value>0xd83</value>
         <object_component_ref idref="oc-f3"/>
      </symbol>
      <symbol id="sm-15d">
         <name>Ultrasound_End</name>
         <value>0xddf</value>
         <object_component_ref idref="oc-f3"/>
      </symbol>
      <symbol id="sm-15e">
         <name>Ultrasound_Start</name>
         <value>0xdb5</value>
         <object_component_ref idref="oc-f3"/>
      </symbol>
      <symbol id="sm-186">
         <name>CmBuff</name>
         <value>0x200001f8</value>
      </symbol>
      <symbol id="sm-187">
         <name>InBuff</name>
         <value>0x2000020c</value>
      </symbol>
      <symbol id="sm-188">
         <name>Current</name>
         <value>0x20000222</value>
      </symbol>
      <symbol id="sm-189">
         <name>Minimum</name>
         <value>0x20000226</value>
      </symbol>
      <symbol id="sm-18a">
         <name>Maximum</name>
         <value>0x20000224</value>
      </symbol>
      <symbol id="sm-18b">
         <name>Average</name>
         <value>0x20000220</value>
      </symbol>
      <symbol id="sm-18c">
         <name>main</name>
         <value>0x9c9</value>
         <object_component_ref idref="oc-aa"/>
      </symbol>
      <symbol id="sm-18d">
         <name>avg</name>
         <value>0x987</value>
         <object_component_ref idref="oc-aa"/>
      </symbol>
      <symbol id="sm-18e">
         <name>min</name>
         <value>0x8ed</value>
         <object_component_ref idref="oc-aa"/>
      </symbol>
      <symbol id="sm-18f">
         <name>max</name>
         <value>0x93b</value>
         <object_component_ref idref="oc-aa"/>
      </symbol>
      <symbol id="sm-1a4">
         <name>Reset_Handler</name>
         <value>0x1273</value>
         <object_component_ref idref="oc-75"/>
      </symbol>
      <symbol id="sm-1a5">
         <name>Default_Handler</name>
         <value>0x127f</value>
         <object_component_ref idref="oc-75"/>
      </symbol>
      <symbol id="sm-1a6">
         <name>interruptVectors</name>
         <value>0x0</value>
         <object_component_ref idref="oc-2c"/>
      </symbol>
      <symbol id="sm-1ec">
         <name>SystemInit</name>
         <value>0x835</value>
         <object_component_ref idref="oc-bd"/>
      </symbol>
      <symbol id="sm-1ed">
         <name>SystemCoreClockUpdate</name>
         <value>0x5c1</value>
         <object_component_ref idref="oc-bd"/>
      </symbol>
      <symbol id="sm-1ee">
         <name>SystemCoreClock</name>
         <value>0x2000026c</value>
         <object_component_ref idref="oc-117"/>
      </symbol>
      <symbol id="sm-1ff">
         <name>_c_int00</name>
         <value>0x1121</value>
         <object_component_ref idref="oc-26"/>
      </symbol>
      <symbol id="sm-200">
         <name>__stack</name>
         <value>0x2000fe00</value>
         <object_component_ref idref="oc-2f"/>
      </symbol>
      <symbol id="sm-21e">
         <name>__TI_decompress_lzss</name>
         <value>0x10b9</value>
         <object_component_ref idref="oc-14"/>
      </symbol>
      <symbol id="sm-235">
         <name>__TI_decompress_none</name>
         <value>0x1265</value>
         <object_component_ref idref="oc-1a"/>
      </symbol>
      <symbol id="sm-24c">
         <name>__TI_zero_init</name>
         <value>0x1281</value>
         <object_component_ref idref="oc-20"/>
      </symbol>
      <symbol id="sm-26d">
         <name>C$$EXIT</name>
         <value>0x1175</value>
         <object_component_ref idref="oc-6b"/>
      </symbol>
      <symbol id="sm-26e">
         <name>abort</name>
         <value>0x1179</value>
         <object_component_ref idref="oc-6b"/>
      </symbol>
      <symbol id="sm-26f">
         <name>exit</name>
         <value>0x1181</value>
         <object_component_ref idref="oc-6b"/>
      </symbol>
      <symbol id="sm-270">
         <name>__TI_dtors_ptr</name>
         <value>0x20000248</value>
         <object_component_ref idref="oc-b2"/>
      </symbol>
      <symbol id="sm-271">
         <name>__TI_cleanup_ptr</name>
         <value>0x20000244</value>
         <object_component_ref idref="oc-b2"/>
      </symbol>
      <symbol id="sm-272">
         <name>__TI_enable_exit_profile_output</name>
         <value>0x2000024c</value>
         <object_component_ref idref="oc-b2"/>
      </symbol>
      <symbol id="sm-28d">
         <name>memcpy</name>
         <value>0xf31</value>
         <object_component_ref idref="oc-3b"/>
      </symbol>
      <symbol id="sm-28e">
         <name>__aeabi_memcpy</name>
         <value>0xf31</value>
         <object_component_ref idref="oc-3b"/>
      </symbol>
      <symbol id="sm-28f">
         <name>__aeabi_memcpy8</name>
         <value>0xf31</value>
         <object_component_ref idref="oc-3b"/>
      </symbol>
      <symbol id="sm-290">
         <name>__aeabi_memcpy4</name>
         <value>0xf31</value>
         <object_component_ref idref="oc-3b"/>
      </symbol>
      <symbol id="sm-29f">
         <name>__aeabi_memset</name>
         <value>0xfcf</value>
         <object_component_ref idref="oc-47"/>
      </symbol>
      <symbol id="sm-2a0">
         <name>memset</name>
         <value>0xfd5</value>
         <object_component_ref idref="oc-47"/>
      </symbol>
      <symbol id="sm-2a1">
         <name>__aeabi_memset8</name>
         <value>0xfcf</value>
         <object_component_ref idref="oc-47"/>
      </symbol>
      <symbol id="sm-2a2">
         <name>__aeabi_memset4</name>
         <value>0xfcf</value>
         <object_component_ref idref="oc-47"/>
      </symbol>
      <symbol id="sm-2a3">
         <name>__aeabi_memclr8</name>
         <value>0xfcd</value>
         <object_component_ref idref="oc-47"/>
      </symbol>
      <symbol id="sm-2a4">
         <name>__aeabi_memclr4</name>
         <value>0xfcd</value>
         <object_component_ref idref="oc-47"/>
      </symbol>
      <symbol id="sm-2a5">
         <name>__aeabi_memclr</name>
         <value>0xfcd</value>
         <object_component_ref idref="oc-47"/>
      </symbol>
      <symbol id="sm-2af">
         <name>__mpu_init</name>
         <value>0x1047</value>
         <object_component_ref idref="oc-53"/>
      </symbol>
      <symbol id="sm-2b9">
         <name>_system_pre_init</name>
         <value>0x128d</value>
         <object_component_ref idref="oc-59"/>
      </symbol>
      <symbol id="sm-2c1">
         <name>main_func_sp</name>
         <value>0x20000268</value>
         <object_component_ref idref="oc-71"/>
      </symbol>
      <symbol id="sm-2da">
         <name>_nop</name>
         <value>0x125f</value>
         <object_component_ref idref="oc-10b"/>
      </symbol>
      <symbol id="sm-2db">
         <name>_lock</name>
         <value>0x2000025c</value>
         <object_component_ref idref="oc-b5"/>
      </symbol>
      <symbol id="sm-2dc">
         <name>_unlock</name>
         <value>0x20000260</value>
         <object_component_ref idref="oc-b5"/>
      </symbol>
      <symbol id="sm-2dd">
         <name>_register_lock</name>
         <value>0x1257</value>
         <object_component_ref idref="oc-10b"/>
      </symbol>
      <symbol id="sm-2de">
         <name>_register_unlock</name>
         <value>0x1251</value>
         <object_component_ref idref="oc-10b"/>
      </symbol>
      <symbol id="sm-2f2">
         <name>_args_main</name>
         <value>0x1239</value>
         <object_component_ref idref="oc-65"/>
      </symbol>
      <symbol id="sm-31c">
         <name>__TI_auto_init</name>
         <value>0x1049</value>
         <object_component_ref idref="oc-5f"/>
      </symbol>
      <symbol id="sm-336">
         <name>copy_in</name>
         <value>0x11c9</value>
         <object_component_ref idref="oc-9c"/>
      </symbol>
      <symbol id="sm-340">
         <name>_system_post_cinit</name>
         <value>0x1291</value>
         <object_component_ref idref="oc-a2"/>
      </symbol>
      <symbol id="sm-341">
         <name>__TI_static_base__</name>
         <value>0x0</value>
      </symbol>
      <symbol id="sm-344">
         <name>SHT$$INIT_ARRAY$$Limit</name>
         <value>0x0</value>
      </symbol>
      <symbol id="sm-345">
         <name>SHT$$INIT_ARRAY$$Base</name>
         <value>0x0</value>
      </symbol>
      <symbol id="sm-346">
         <name>NMI_Handler</name>
         <value>0x127f</value>
      </symbol>
      <symbol id="sm-347">
         <name>HardFault_Handler</name>
         <value>0x127f</value>
      </symbol>
      <symbol id="sm-348">
         <name>MemManage_Handler</name>
         <value>0x127f</value>
      </symbol>
      <symbol id="sm-349">
         <name>BusFault_Handler</name>
         <value>0x127f</value>
      </symbol>
      <symbol id="sm-34a">
         <name>UsageFault_Handler</name>
         <value>0x127f</value>
      </symbol>
      <symbol id="sm-34b">
         <name>SVC_Handler</name>
         <value>0x127f</value>
      </symbol>
      <symbol id="sm-34c">
         <name>DebugMon_Handler</name>
         <value>0x127f</value>
      </symbol>
      <symbol id="sm-34d">
         <name>PendSV_Handler</name>
         <value>0x127f</value>
      </symbol>
      <symbol id="sm-34e">
         <name>SysTick_Handler</name>
         <value>0x127f</value>
      </symbol>
      <symbol id="sm-34f">
         <name>PSS_IRQHandler</name>
         <value>0x127f</value>
      </symbol>
      <symbol id="sm-350">
         <name>CS_IRQHandler</name>
         <value>0x127f</value>
      </symbol>
      <symbol id="sm-351">
         <name>PCM_IRQHandler</name>
         <value>0x127f</value>
      </symbol>
      <symbol id="sm-352">
         <name>WDT_A_IRQHandler</name>
         <value>0x127f</value>
      </symbol>
      <symbol id="sm-353">
         <name>FPU_IRQHandler</name>
         <value>0x127f</value>
      </symbol>
      <symbol id="sm-354">
         <name>FLCTL_IRQHandler</name>
         <value>0x127f</value>
      </symbol>
      <symbol id="sm-355">
         <name>COMP_E0_IRQHandler</name>
         <value>0x127f</value>
      </symbol>
      <symbol id="sm-356">
         <name>COMP_E1_IRQHandler</name>
         <value>0x127f</value>
      </symbol>
      <symbol id="sm-357">
         <name>TA0_0_IRQHandler</name>
         <value>0x127f</value>
      </symbol>
      <symbol id="sm-358">
         <name>TA0_N_IRQHandler</name>
         <value>0x127f</value>
      </symbol>
      <symbol id="sm-359">
         <name>TA1_0_IRQHandler</name>
         <value>0x127f</value>
      </symbol>
      <symbol id="sm-35a">
         <name>TA1_N_IRQHandler</name>
         <value>0x127f</value>
      </symbol>
      <symbol id="sm-35b">
         <name>TA2_0_IRQHandler</name>
         <value>0x127f</value>
      </symbol>
      <symbol id="sm-35c">
         <name>TA2_N_IRQHandler</name>
         <value>0xee9</value>
      </symbol>
      <symbol id="sm-35d">
         <name>TA3_0_IRQHandler</name>
         <value>0x127f</value>
      </symbol>
      <symbol id="sm-35e">
         <name>TA3_N_IRQHandler</name>
         <value>0x127f</value>
      </symbol>
      <symbol id="sm-35f">
         <name>EUSCIA0_IRQHandler</name>
         <value>0x127f</value>
      </symbol>
      <symbol id="sm-360">
         <name>EUSCIA1_IRQHandler</name>
         <value>0x127f</value>
      </symbol>
      <symbol id="sm-361">
         <name>EUSCIA2_IRQHandler</name>
         <value>0x127f</value>
      </symbol>
      <symbol id="sm-362">
         <name>EUSCIA3_IRQHandler</name>
         <value>0x127f</value>
      </symbol>
      <symbol id="sm-363">
         <name>EUSCIB0_IRQHandler</name>
         <value>0x127f</value>
      </symbol>
      <symbol id="sm-364">
         <name>EUSCIB1_IRQHandler</name>
         <value>0x127f</value>
      </symbol>
      <symbol id="sm-365">
         <name>EUSCIB2_IRQHandler</name>
         <value>0x127f</value>
      </symbol>
      <symbol id="sm-366">
         <name>EUSCIB3_IRQHandler</name>
         <value>0x127f</value>
      </symbol>
      <symbol id="sm-367">
         <name>ADC14_IRQHandler</name>
         <value>0x127f</value>
      </symbol>
      <symbol id="sm-368">
         <name>T32_INT1_IRQHandler</name>
         <value>0x127f</value>
      </symbol>
      <symbol id="sm-369">
         <name>T32_INT2_IRQHandler</name>
         <value>0x127f</value>
      </symbol>
      <symbol id="sm-36a">
         <name>T32_INTC_IRQHandler</name>
         <value>0x127f</value>
      </symbol>
      <symbol id="sm-36b">
         <name>AES256_IRQHandler</name>
         <value>0x127f</value>
      </symbol>
      <symbol id="sm-36c">
         <name>RTC_C_IRQHandler</name>
         <value>0x127f</value>
      </symbol>
      <symbol id="sm-36d">
         <name>DMA_ERR_IRQHandler</name>
         <value>0x127f</value>
      </symbol>
      <symbol id="sm-36e">
         <name>DMA_INT3_IRQHandler</name>
         <value>0x127f</value>
      </symbol>
      <symbol id="sm-36f">
         <name>DMA_INT2_IRQHandler</name>
         <value>0x127f</value>
      </symbol>
      <symbol id="sm-370">
         <name>DMA_INT1_IRQHandler</name>
         <value>0x127f</value>
      </symbol>
      <symbol id="sm-371">
         <name>DMA_INT0_IRQHandler</name>
         <value>0x127f</value>
      </symbol>
      <symbol id="sm-372">
         <name>PORT1_IRQHandler</name>
         <value>0x127f</value>
      </symbol>
      <symbol id="sm-373">
         <name>PORT2_IRQHandler</name>
         <value>0x127f</value>
      </symbol>
      <symbol id="sm-374">
         <name>PORT3_IRQHandler</name>
         <value>0x127f</value>
      </symbol>
      <symbol id="sm-375">
         <name>PORT4_IRQHandler</name>
         <value>0x127f</value>
      </symbol>
      <symbol id="sm-376">
         <name>PORT5_IRQHandler</name>
         <value>0x127f</value>
      </symbol>
      <symbol id="sm-377">
         <name>PORT6_IRQHandler</name>
         <value>0x127f</value>
      </symbol>
   </symbol_table>
   <title>Link successful</title>
</link_info>
