<?xml version="1.0"?>
<link_info>
   <banner>TI ARM Linker PC v16.9.6.LTS</banner>
   <copyright>Copyright (c) 1996-2017 Texas Instruments Incorporated</copyright>
   <link_time>0x5f884506</link_time>
   <link_errors>0x0</link_errors>
   <output_file>ApplicationProcessor.out</output_file>
   <entry_point>
      <name>_c_int00</name>
      <address>0x3139</address>
   </entry_point>
   <input_file_list>
      <input_file id="fl-2">
         <path>.\</path>
         <kind>object</kind>
         <file>AP.obj</file>
         <name>AP.obj</name>
      </input_file>
      <input_file id="fl-3">
         <path>.\</path>
         <kind>object</kind>
         <file>ApplicationProcessor.obj</file>
         <name>ApplicationProcessor.obj</name>
      </input_file>
      <input_file id="fl-4">
         <path>.\</path>
         <kind>object</kind>
         <file>Clock.obj</file>
         <name>Clock.obj</name>
      </input_file>
      <input_file id="fl-5">
         <path>.\</path>
         <kind>object</kind>
         <file>CortexM.obj</file>
         <name>CortexM.obj</name>
      </input_file>
      <input_file id="fl-6">
         <path>.\</path>
         <kind>object</kind>
         <file>GPIO.obj</file>
         <name>GPIO.obj</name>
      </input_file>
      <input_file id="fl-7">
         <path>.\</path>
         <kind>object</kind>
         <file>LaunchPad.obj</file>
         <name>LaunchPad.obj</name>
      </input_file>
      <input_file id="fl-8">
         <path>.\</path>
         <kind>object</kind>
         <file>UART0.obj</file>
         <name>UART0.obj</name>
      </input_file>
      <input_file id="fl-9">
         <path>.\</path>
         <kind>object</kind>
         <file>UART1.obj</file>
         <name>UART1.obj</name>
      </input_file>
      <input_file id="fl-a">
         <path>.\</path>
         <kind>object</kind>
         <file>startup_msp432p401r_ccs.obj</file>
         <name>startup_msp432p401r_ccs.obj</name>
      </input_file>
      <input_file id="fl-b">
         <path>.\</path>
         <kind>object</kind>
         <file>system_msp432p401r.obj</file>
         <name>system_msp432p401r.obj</name>
      </input_file>
      <input_file id="fl-f">
         <kind>object</kind>
         <file>&lt;internal&gt;</file>
         <name>&lt;internal&gt;</name>
      </input_file>
      <input_file id="fl-c5">
         <path>D:\Apps\TexasInstruments\CCS7\ccsv7\tools\compiler\ti-cgt-arm_16.9.6.LTS\lib\</path>
         <kind>archive</kind>
         <file>rtsv7M4_T_le_v4SPD16_eabi.lib</file>
         <name>add_device.obj</name>
      </input_file>
      <input_file id="fl-c6">
         <path>D:\Apps\TexasInstruments\CCS7\ccsv7\tools\compiler\ti-cgt-arm_16.9.6.LTS\lib\</path>
         <kind>archive</kind>
         <file>rtsv7M4_T_le_v4SPD16_eabi.lib</file>
         <name>boot.obj</name>
      </input_file>
      <input_file id="fl-c7">
         <path>D:\Apps\TexasInstruments\CCS7\ccsv7\tools\compiler\ti-cgt-arm_16.9.6.LTS\lib\</path>
         <kind>archive</kind>
         <file>rtsv7M4_T_le_v4SPD16_eabi.lib</file>
         <name>copy_decompress_lzss.obj</name>
      </input_file>
      <input_file id="fl-c8">
         <path>D:\Apps\TexasInstruments\CCS7\ccsv7\tools\compiler\ti-cgt-arm_16.9.6.LTS\lib\</path>
         <kind>archive</kind>
         <file>rtsv7M4_T_le_v4SPD16_eabi.lib</file>
         <name>copy_decompress_none.obj</name>
      </input_file>
      <input_file id="fl-c9">
         <path>D:\Apps\TexasInstruments\CCS7\ccsv7\tools\compiler\ti-cgt-arm_16.9.6.LTS\lib\</path>
         <kind>archive</kind>
         <file>rtsv7M4_T_le_v4SPD16_eabi.lib</file>
         <name>copy_zero_init.obj</name>
      </input_file>
      <input_file id="fl-ca">
         <path>D:\Apps\TexasInstruments\CCS7\ccsv7\tools\compiler\ti-cgt-arm_16.9.6.LTS\lib\</path>
         <kind>archive</kind>
         <file>rtsv7M4_T_le_v4SPD16_eabi.lib</file>
         <name>defs.obj</name>
      </input_file>
      <input_file id="fl-cb">
         <path>D:\Apps\TexasInstruments\CCS7\ccsv7\tools\compiler\ti-cgt-arm_16.9.6.LTS\lib\</path>
         <kind>archive</kind>
         <file>rtsv7M4_T_le_v4SPD16_eabi.lib</file>
         <name>exit.obj</name>
      </input_file>
      <input_file id="fl-cc">
         <path>D:\Apps\TexasInstruments\CCS7\ccsv7\tools\compiler\ti-cgt-arm_16.9.6.LTS\lib\</path>
         <kind>archive</kind>
         <file>rtsv7M4_T_le_v4SPD16_eabi.lib</file>
         <name>fopen.obj</name>
      </input_file>
      <input_file id="fl-cd">
         <path>D:\Apps\TexasInstruments\CCS7\ccsv7\tools\compiler\ti-cgt-arm_16.9.6.LTS\lib\</path>
         <kind>archive</kind>
         <file>rtsv7M4_T_le_v4SPD16_eabi.lib</file>
         <name>getdevice.obj</name>
      </input_file>
      <input_file id="fl-ce">
         <path>D:\Apps\TexasInstruments\CCS7\ccsv7\tools\compiler\ti-cgt-arm_16.9.6.LTS\lib\</path>
         <kind>archive</kind>
         <file>rtsv7M4_T_le_v4SPD16_eabi.lib</file>
         <name>memcpy_t2.obj</name>
      </input_file>
      <input_file id="fl-cf">
         <path>D:\Apps\TexasInstruments\CCS7\ccsv7\tools\compiler\ti-cgt-arm_16.9.6.LTS\lib\</path>
         <kind>archive</kind>
         <file>rtsv7M4_T_le_v4SPD16_eabi.lib</file>
         <name>memset_t2.obj</name>
      </input_file>
      <input_file id="fl-d0">
         <path>D:\Apps\TexasInstruments\CCS7\ccsv7\tools\compiler\ti-cgt-arm_16.9.6.LTS\lib\</path>
         <kind>archive</kind>
         <file>rtsv7M4_T_le_v4SPD16_eabi.lib</file>
         <name>mpu_init.obj</name>
      </input_file>
      <input_file id="fl-d1">
         <path>D:\Apps\TexasInstruments\CCS7\ccsv7\tools\compiler\ti-cgt-arm_16.9.6.LTS\lib\</path>
         <kind>archive</kind>
         <file>rtsv7M4_T_le_v4SPD16_eabi.lib</file>
         <name>open.obj</name>
      </input_file>
      <input_file id="fl-d2">
         <path>D:\Apps\TexasInstruments\CCS7\ccsv7\tools\compiler\ti-cgt-arm_16.9.6.LTS\lib\</path>
         <kind>archive</kind>
         <file>rtsv7M4_T_le_v4SPD16_eabi.lib</file>
         <name>pre_init.obj</name>
      </input_file>
      <input_file id="fl-d3">
         <path>D:\Apps\TexasInstruments\CCS7\ccsv7\tools\compiler\ti-cgt-arm_16.9.6.LTS\lib\</path>
         <kind>archive</kind>
         <file>rtsv7M4_T_le_v4SPD16_eabi.lib</file>
         <name>setvbuf.obj</name>
      </input_file>
      <input_file id="fl-d4">
         <path>D:\Apps\TexasInstruments\CCS7\ccsv7\tools\compiler\ti-cgt-arm_16.9.6.LTS\lib\</path>
         <kind>archive</kind>
         <file>rtsv7M4_T_le_v4SPD16_eabi.lib</file>
         <name>stkdepth_vars.obj</name>
      </input_file>
      <input_file id="fl-d5">
         <path>D:\Apps\TexasInstruments\CCS7\ccsv7\tools\compiler\ti-cgt-arm_16.9.6.LTS\lib\</path>
         <kind>archive</kind>
         <file>rtsv7M4_T_le_v4SPD16_eabi.lib</file>
         <name>strchr.obj</name>
      </input_file>
      <input_file id="fl-d6">
         <path>D:\Apps\TexasInstruments\CCS7\ccsv7\tools\compiler\ti-cgt-arm_16.9.6.LTS\lib\</path>
         <kind>archive</kind>
         <file>rtsv7M4_T_le_v4SPD16_eabi.lib</file>
         <name>strcmp.obj</name>
      </input_file>
      <input_file id="fl-d7">
         <path>D:\Apps\TexasInstruments\CCS7\ccsv7\tools\compiler\ti-cgt-arm_16.9.6.LTS\lib\</path>
         <kind>archive</kind>
         <file>rtsv7M4_T_le_v4SPD16_eabi.lib</file>
         <name>strncpy.obj</name>
      </input_file>
      <input_file id="fl-d8">
         <path>D:\Apps\TexasInstruments\CCS7\ccsv7\tools\compiler\ti-cgt-arm_16.9.6.LTS\lib\</path>
         <kind>archive</kind>
         <file>rtsv7M4_T_le_v4SPD16_eabi.lib</file>
         <name>write.obj</name>
      </input_file>
      <input_file id="fl-d9">
         <path>D:\Apps\TexasInstruments\CCS7\ccsv7\tools\compiler\ti-cgt-arm_16.9.6.LTS\lib\</path>
         <kind>archive</kind>
         <file>rtsv7M4_T_le_v4SPD16_eabi.lib</file>
         <name>_lock.obj</name>
      </input_file>
      <input_file id="fl-da">
         <path>D:\Apps\TexasInstruments\CCS7\ccsv7\tools\compiler\ti-cgt-arm_16.9.6.LTS\lib\</path>
         <kind>archive</kind>
         <file>rtsv7M4_T_le_v4SPD16_eabi.lib</file>
         <name>args_main.obj</name>
      </input_file>
      <input_file id="fl-db">
         <path>D:\Apps\TexasInstruments\CCS7\ccsv7\tools\compiler\ti-cgt-arm_16.9.6.LTS\lib\</path>
         <kind>archive</kind>
         <file>rtsv7M4_T_le_v4SPD16_eabi.lib</file>
         <name>autoinit.obj</name>
      </input_file>
      <input_file id="fl-dc">
         <path>D:\Apps\TexasInstruments\CCS7\ccsv7\tools\compiler\ti-cgt-arm_16.9.6.LTS\lib\</path>
         <kind>archive</kind>
         <file>rtsv7M4_T_le_v4SPD16_eabi.lib</file>
         <name>cpy_tbl.obj</name>
      </input_file>
      <input_file id="fl-dd">
         <path>D:\Apps\TexasInstruments\CCS7\ccsv7\tools\compiler\ti-cgt-arm_16.9.6.LTS\lib\</path>
         <kind>archive</kind>
         <file>rtsv7M4_T_le_v4SPD16_eabi.lib</file>
         <name>fclose.obj</name>
      </input_file>
      <input_file id="fl-de">
         <path>D:\Apps\TexasInstruments\CCS7\ccsv7\tools\compiler\ti-cgt-arm_16.9.6.LTS\lib\</path>
         <kind>archive</kind>
         <file>rtsv7M4_T_le_v4SPD16_eabi.lib</file>
         <name>fflush.obj</name>
      </input_file>
      <input_file id="fl-df">
         <path>D:\Apps\TexasInstruments\CCS7\ccsv7\tools\compiler\ti-cgt-arm_16.9.6.LTS\lib\</path>
         <kind>archive</kind>
         <file>rtsv7M4_T_le_v4SPD16_eabi.lib</file>
         <name>hostclose.obj</name>
      </input_file>
      <input_file id="fl-e0">
         <path>D:\Apps\TexasInstruments\CCS7\ccsv7\tools\compiler\ti-cgt-arm_16.9.6.LTS\lib\</path>
         <kind>archive</kind>
         <file>rtsv7M4_T_le_v4SPD16_eabi.lib</file>
         <name>hostlseek.obj</name>
      </input_file>
      <input_file id="fl-e1">
         <path>D:\Apps\TexasInstruments\CCS7\ccsv7\tools\compiler\ti-cgt-arm_16.9.6.LTS\lib\</path>
         <kind>archive</kind>
         <file>rtsv7M4_T_le_v4SPD16_eabi.lib</file>
         <name>hostopen.obj</name>
      </input_file>
      <input_file id="fl-e2">
         <path>D:\Apps\TexasInstruments\CCS7\ccsv7\tools\compiler\ti-cgt-arm_16.9.6.LTS\lib\</path>
         <kind>archive</kind>
         <file>rtsv7M4_T_le_v4SPD16_eabi.lib</file>
         <name>hostread.obj</name>
      </input_file>
      <input_file id="fl-e3">
         <path>D:\Apps\TexasInstruments\CCS7\ccsv7\tools\compiler\ti-cgt-arm_16.9.6.LTS\lib\</path>
         <kind>archive</kind>
         <file>rtsv7M4_T_le_v4SPD16_eabi.lib</file>
         <name>hostrename.obj</name>
      </input_file>
      <input_file id="fl-e4">
         <path>D:\Apps\TexasInstruments\CCS7\ccsv7\tools\compiler\ti-cgt-arm_16.9.6.LTS\lib\</path>
         <kind>archive</kind>
         <file>rtsv7M4_T_le_v4SPD16_eabi.lib</file>
         <name>hostunlink.obj</name>
      </input_file>
      <input_file id="fl-e5">
         <path>D:\Apps\TexasInstruments\CCS7\ccsv7\tools\compiler\ti-cgt-arm_16.9.6.LTS\lib\</path>
         <kind>archive</kind>
         <file>rtsv7M4_T_le_v4SPD16_eabi.lib</file>
         <name>hostwrite.obj</name>
      </input_file>
      <input_file id="fl-e6">
         <path>D:\Apps\TexasInstruments\CCS7\ccsv7\tools\compiler\ti-cgt-arm_16.9.6.LTS\lib\</path>
         <kind>archive</kind>
         <file>rtsv7M4_T_le_v4SPD16_eabi.lib</file>
         <name>memory.obj</name>
      </input_file>
      <input_file id="fl-e7">
         <path>D:\Apps\TexasInstruments\CCS7\ccsv7\tools\compiler\ti-cgt-arm_16.9.6.LTS\lib\</path>
         <kind>archive</kind>
         <file>rtsv7M4_T_le_v4SPD16_eabi.lib</file>
         <name>remove.obj</name>
      </input_file>
      <input_file id="fl-e8">
         <path>D:\Apps\TexasInstruments\CCS7\ccsv7\tools\compiler\ti-cgt-arm_16.9.6.LTS\lib\</path>
         <kind>archive</kind>
         <file>rtsv7M4_T_le_v4SPD16_eabi.lib</file>
         <name>startup.obj</name>
      </input_file>
      <input_file id="fl-e9">
         <path>D:\Apps\TexasInstruments\CCS7\ccsv7\tools\compiler\ti-cgt-arm_16.9.6.LTS\lib\</path>
         <kind>archive</kind>
         <file>rtsv7M4_T_le_v4SPD16_eabi.lib</file>
         <name>strcpy.obj</name>
      </input_file>
      <input_file id="fl-ea">
         <path>D:\Apps\TexasInstruments\CCS7\ccsv7\tools\compiler\ti-cgt-arm_16.9.6.LTS\lib\</path>
         <kind>archive</kind>
         <file>rtsv7M4_T_le_v4SPD16_eabi.lib</file>
         <name>strlen.obj</name>
      </input_file>
      <input_file id="fl-eb">
         <path>D:\Apps\TexasInstruments\CCS7\ccsv7\tools\compiler\ti-cgt-arm_16.9.6.LTS\lib\</path>
         <kind>archive</kind>
         <file>rtsv7M4_T_le_v4SPD16_eabi.lib</file>
         <name>trgmsg.obj</name>
      </input_file>
      <input_file id="fl-ec">
         <path>D:\Apps\TexasInstruments\CCS7\ccsv7\tools\compiler\ti-cgt-arm_16.9.6.LTS\lib\</path>
         <kind>archive</kind>
         <file>rtsv7M4_T_le_v4SPD16_eabi.lib</file>
         <name>unlink.obj</name>
      </input_file>
      <input_file id="fl-ed">
         <path>D:\Apps\TexasInstruments\CCS7\ccsv7\tools\compiler\ti-cgt-arm_16.9.6.LTS\lib\</path>
         <kind>archive</kind>
         <file>rtsv7M4_T_le_v4SPD16_eabi.lib</file>
         <name>close.obj</name>
      </input_file>
   </input_file_list>
   <object_component_list>
      <object_component id="oc-2c">
         <name>.intvecs:retain</name>
         <load_address>0x0</load_address>
         <run_address>0x0</run_address>
         <size>0xe4</size>
         <input_file_ref idref="fl-a"/>
      </object_component>
      <object_component id="oc-102">
         <name>.text</name>
         <load_address>0xe4</load_address>
         <run_address>0xe4</run_address>
         <size>0xfc4</size>
         <input_file_ref idref="fl-2"/>
      </object_component>
      <object_component id="oc-f6">
         <name>.text</name>
         <load_address>0x10a8</load_address>
         <run_address>0x10a8</run_address>
         <size>0x6bc</size>
         <input_file_ref idref="fl-8"/>
      </object_component>
      <object_component id="oc-1e3">
         <name>.text</name>
         <load_address>0x1764</load_address>
         <run_address>0x1764</run_address>
         <size>0x3d0</size>
         <input_file_ref idref="fl-e6"/>
      </object_component>
      <object_component id="oc-c4">
         <name>.text</name>
         <load_address>0x1b34</load_address>
         <run_address>0x1b34</run_address>
         <size>0x32c</size>
         <input_file_ref idref="fl-b"/>
      </object_component>
      <object_component id="oc-b1">
         <name>.text</name>
         <load_address>0x1e60</load_address>
         <run_address>0x1e60</run_address>
         <size>0x328</size>
         <input_file_ref idref="fl-3"/>
      </object_component>
      <object_component id="oc-10e">
         <name>.text</name>
         <load_address>0x2188</load_address>
         <run_address>0x2188</run_address>
         <size>0x1e0</size>
         <input_file_ref idref="fl-4"/>
      </object_component>
      <object_component id="oc-157">
         <name>.text</name>
         <load_address>0x2368</load_address>
         <run_address>0x2368</run_address>
         <size>0x1c4</size>
         <input_file_ref idref="fl-cc"/>
      </object_component>
      <object_component id="oc-7e">
         <name>.text</name>
         <load_address>0x252c</load_address>
         <run_address>0x252c</run_address>
         <size>0x1a4</size>
         <input_file_ref idref="fl-9"/>
      </object_component>
      <object_component id="oc-fc">
         <name>.text</name>
         <load_address>0x26d0</load_address>
         <run_address>0x26d0</run_address>
         <size>0xf4</size>
         <input_file_ref idref="fl-7"/>
      </object_component>
      <object_component id="oc-15d">
         <name>.text</name>
         <load_address>0x27c4</load_address>
         <run_address>0x27c4</run_address>
         <size>0xdc</size>
         <input_file_ref idref="fl-d3"/>
      </object_component>
      <object_component id="oc-26d">
         <name>.text</name>
         <load_address>0x28a0</load_address>
         <run_address>0x28a0</run_address>
         <size>0xc8</size>
         <input_file_ref idref="fl-de"/>
      </object_component>
      <object_component id="oc-16d">
         <name>.text</name>
         <load_address>0x2968</load_address>
         <run_address>0x2968</run_address>
         <size>0xc0</size>
         <input_file_ref idref="fl-6"/>
      </object_component>
      <object_component id="oc-1d1">
         <name>.text</name>
         <load_address>0x2a28</load_address>
         <run_address>0x2a28</run_address>
         <size>0xbc</size>
         <input_file_ref idref="fl-d1"/>
      </object_component>
      <object_component id="oc-151">
         <name>.text</name>
         <load_address>0x2ae4</load_address>
         <run_address>0x2ae4</run_address>
         <size>0xb8</size>
         <input_file_ref idref="fl-c5"/>
      </object_component>
      <object_component id="oc-3e">
         <name>.text</name>
         <load_address>0x2b9c</load_address>
         <run_address>0x2b9c</run_address>
         <size>0x9c</size>
         <input_file_ref idref="fl-ce"/>
      </object_component>
      <object_component id="oc-1d7">
         <name>.text</name>
         <load_address>0x2c38</load_address>
         <run_address>0x2c38</run_address>
         <size>0x98</size>
         <input_file_ref idref="fl-dd"/>
      </object_component>
      <object_component id="oc-4a">
         <name>.text</name>
         <load_address>0x2cd0</load_address>
         <run_address>0x2cd0</run_address>
         <size>0x7a</size>
         <input_file_ref idref="fl-cf"/>
      </object_component>
      <object_component id="oc-56">
         <name>.text</name>
         <load_address>0x2d4a</load_address>
         <run_address>0x2d4a</run_address>
         <size>0x2</size>
         <input_file_ref idref="fl-d0"/>
      </object_component>
      <object_component id="oc-62">
         <name>.text</name>
         <load_address>0x2d4c</load_address>
         <run_address>0x2d4c</run_address>
         <size>0x70</size>
         <input_file_ref idref="fl-db"/>
      </object_component>
      <object_component id="oc-1bf">
         <name>.text</name>
         <load_address>0x2dbc</load_address>
         <run_address>0x2dbc</run_address>
         <size>0x70</size>
         <input_file_ref idref="fl-cd"/>
      </object_component>
      <object_component id="oc-14">
         <name>.text:decompress:lzss</name>
         <load_address>0x2e2c</load_address>
         <run_address>0x2e2c</run_address>
         <size>0x68</size>
         <input_file_ref idref="fl-c7"/>
      </object_component>
      <object_component id="oc-246">
         <name>.text</name>
         <load_address>0x2e94</load_address>
         <run_address>0x2e94</run_address>
         <size>0x68</size>
         <input_file_ref idref="fl-e0"/>
      </object_component>
      <object_component id="oc-252">
         <name>.text</name>
         <load_address>0x2efc</load_address>
         <run_address>0x2efc</run_address>
         <size>0x68</size>
         <input_file_ref idref="fl-e3"/>
      </object_component>
      <object_component id="oc-2a1">
         <name>.text</name>
         <load_address>0x2f64</load_address>
         <run_address>0x2f64</run_address>
         <size>0x68</size>
         <input_file_ref idref="fl-eb"/>
      </object_component>
      <object_component id="oc-22e">
         <name>.text</name>
         <load_address>0x2fcc</load_address>
         <run_address>0x2fcc</run_address>
         <size>0x60</size>
         <input_file_ref idref="fl-e1"/>
      </object_component>
      <object_component id="oc-273">
         <name>.text</name>
         <load_address>0x302c</load_address>
         <run_address>0x302c</run_address>
         <size>0x5c</size>
         <input_file_ref idref="fl-ed"/>
      </object_component>
      <object_component id="oc-23a">
         <name>.text</name>
         <load_address>0x3088</load_address>
         <run_address>0x3088</run_address>
         <size>0x58</size>
         <input_file_ref idref="fl-e2"/>
      </object_component>
      <object_component id="oc-240">
         <name>.text</name>
         <load_address>0x30e0</load_address>
         <run_address>0x30e0</run_address>
         <size>0x58</size>
         <input_file_ref idref="fl-e5"/>
      </object_component>
      <object_component id="oc-26">
         <name>.text</name>
         <load_address>0x3138</load_address>
         <run_address>0x3138</run_address>
         <size>0x54</size>
         <input_file_ref idref="fl-c6"/>
      </object_component>
      <object_component id="oc-6e">
         <name>.text</name>
         <load_address>0x318c</load_address>
         <run_address>0x318c</run_address>
         <size>0x54</size>
         <input_file_ref idref="fl-cb"/>
      </object_component>
      <object_component id="oc-a3">
         <name>.text</name>
         <load_address>0x31e0</load_address>
         <run_address>0x31e0</run_address>
         <size>0x4c</size>
         <input_file_ref idref="fl-dc"/>
      </object_component>
      <object_component id="oc-234">
         <name>.text</name>
         <load_address>0x322c</load_address>
         <run_address>0x322c</run_address>
         <size>0x44</size>
         <input_file_ref idref="fl-df"/>
      </object_component>
      <object_component id="oc-24c">
         <name>.text</name>
         <load_address>0x3270</load_address>
         <run_address>0x3270</run_address>
         <size>0x44</size>
         <input_file_ref idref="fl-e4"/>
      </object_component>
      <object_component id="oc-1c5">
         <name>.text</name>
         <load_address>0x32b4</load_address>
         <run_address>0x32b4</run_address>
         <size>0x36</size>
         <input_file_ref idref="fl-d7"/>
      </object_component>
      <object_component id="oc-a9">
         <name>.text</name>
         <load_address>0x32ea</load_address>
         <run_address>0x32ea</run_address>
         <size>0x2</size>
         <input_file_ref idref="fl-e8"/>
      </object_component>
      <object_component id="oc-279">
         <name>.text</name>
         <load_address>0x32ec</load_address>
         <run_address>0x32ec</run_address>
         <size>0x2c</size>
         <input_file_ref idref="fl-ec"/>
      </object_component>
      <object_component id="oc-2c8">
         <name>.text</name>
         <load_address>0x3318</load_address>
         <run_address>0x3318</run_address>
         <size>0x28</size>
         <input_file_ref idref="fl-d8"/>
      </object_component>
      <object_component id="oc-108">
         <name>.text</name>
         <load_address>0x3340</load_address>
         <run_address>0x3340</run_address>
         <size>0x24</size>
         <input_file_ref idref="fl-5"/>
      </object_component>
      <object_component id="oc-68">
         <name>.text</name>
         <load_address>0x3364</load_address>
         <run_address>0x3364</run_address>
         <size>0x18</size>
         <input_file_ref idref="fl-da"/>
      </object_component>
      <object_component id="oc-21e">
         <name>.text</name>
         <load_address>0x337c</load_address>
         <run_address>0x337c</run_address>
         <size>0x18</size>
         <input_file_ref idref="fl-d6"/>
      </object_component>
      <object_component id="oc-224">
         <name>.text</name>
         <load_address>0x3394</load_address>
         <run_address>0x3394</run_address>
         <size>0x16</size>
         <input_file_ref idref="fl-d5"/>
      </object_component>
      <object_component id="oc-125">
         <name>.text</name>
         <load_address>0x33ac</load_address>
         <run_address>0x33ac</run_address>
         <size>0x14</size>
         <input_file_ref idref="fl-d9"/>
      </object_component>
      <object_component id="oc-2b5">
         <name>.text</name>
         <load_address>0x33c0</load_address>
         <run_address>0x33c0</run_address>
         <size>0x14</size>
         <input_file_ref idref="fl-e9"/>
      </object_component>
      <object_component id="oc-29b">
         <name>.text</name>
         <load_address>0x33d4</load_address>
         <run_address>0x33d4</run_address>
         <size>0x14</size>
         <input_file_ref idref="fl-ea"/>
      </object_component>
      <object_component id="oc-1a">
         <name>.text:decompress:none</name>
         <load_address>0x33e8</load_address>
         <run_address>0x33e8</run_address>
         <size>0xe</size>
         <input_file_ref idref="fl-c8"/>
      </object_component>
      <object_component id="oc-78">
         <name>.text</name>
         <load_address>0x33f6</load_address>
         <run_address>0x33f6</run_address>
         <size>0xe</size>
         <input_file_ref idref="fl-a"/>
      </object_component>
      <object_component id="oc-20">
         <name>.text:decompress:ZI</name>
         <load_address>0x3404</load_address>
         <run_address>0x3404</run_address>
         <size>0xc</size>
         <input_file_ref idref="fl-c9"/>
      </object_component>
      <object_component id="oc-5c">
         <name>.text</name>
         <load_address>0x3410</load_address>
         <run_address>0x3410</run_address>
         <size>0x4</size>
         <input_file_ref idref="fl-d2"/>
      </object_component>
      <object_component id="oc-199">
         <name>.const:.string:NPI_StartAdvertisement</name>
         <load_address>0x3414</load_address>
         <run_address>0x3414</run_address>
         <size>0x14</size>
         <input_file_ref idref="fl-2"/>
      </object_component>
      <object_component id="oc-193">
         <name>.const:.string:NPI_SetAdvertisement1</name>
         <load_address>0x3428</load_address>
         <run_address>0x3428</run_address>
         <size>0x11</size>
         <input_file_ref idref="fl-2"/>
      </object_component>
      <object_component id="oc-178">
         <name>.const:.string:HCI_EXT_ResetSystemCmd</name>
         <load_address>0x3439</load_address>
         <run_address>0x3439</run_address>
         <size>0x9</size>
         <input_file_ref idref="fl-2"/>
      </object_component>
      <object_component id="oc-19c">
         <name>.const:.string:NPI_GetStatus</name>
         <load_address>0x3442</load_address>
         <run_address>0x3442</run_address>
         <size>0x6</size>
         <input_file_ref idref="fl-2"/>
      </object_component>
      <object_component id="oc-19f">
         <name>.const:.string:NPI_GetVersion</name>
         <load_address>0x3448</load_address>
         <run_address>0x3448</run_address>
         <size>0x6</size>
         <input_file_ref idref="fl-2"/>
      </object_component>
      <object_component id="oc-180">
         <name>.const:.string:NPI_Register</name>
         <load_address>0x344e</load_address>
         <run_address>0x344e</run_address>
         <size>0x6</size>
         <input_file_ref idref="fl-2"/>
      </object_component>
      <object_component id="oc-329">
         <name>.cinit..data.load</name>
         <load_address>0x3458</load_address>
         <run_address>0x3458</run_address>
         <size>0x10c</size>
      </object_component>
      <object_component id="oc-327">
         <name>__TI_handler_table</name>
         <load_address>0x3564</load_address>
         <run_address>0x3564</run_address>
         <size>0xc</size>
      </object_component>
      <object_component id="oc-32a">
         <name>.cinit..bss.load</name>
         <load_address>0x3570</load_address>
         <run_address>0x3570</run_address>
         <size>0x8</size>
      </object_component>
      <object_component id="oc-328">
         <name>__TI_cinit_table</name>
         <load_address>0x3578</load_address>
         <run_address>0x3578</run_address>
         <size>0x10</size>
      </object_component>
      <object_component id="oc-304">
         <name>.binit</name>
         <load_address>0x0</load_address>
         <run_address>0x0</run_address>
         <size>0x0</size>
      </object_component>
      <object_component id="oc-17d">
         <name>.data:NPI_AddService</name>
         <load_address>0x20000b08</load_address>
         <run_address>0x20000b08</run_address>
         <size>0x9</size>
         <input_file_ref idref="fl-2"/>
      </object_component>
      <object_component id="oc-190">
         <name>.data:NPI_GATTSetDeviceName</name>
         <load_address>0x20000a6d</load_address>
         <run_address>0x20000a6d</run_address>
         <size>0x1c</size>
         <input_file_ref idref="fl-2"/>
      </object_component>
      <object_component id="oc-196">
         <name>.data:NPI_SetAdvertisementData</name>
         <load_address>0x20000a28</load_address>
         <run_address>0x20000a28</run_address>
         <size>0x25</size>
         <input_file_ref idref="fl-2"/>
      </object_component>
      <object_component id="oc-1a5">
         <name>.data:NPI_ReadConfirmation</name>
         <load_address>0x20000aa4</load_address>
         <run_address>0x20000aa4</run_address>
         <size>0x15</size>
         <input_file_ref idref="fl-2"/>
      </object_component>
      <object_component id="oc-1a2">
         <name>.data:NPI_WriteConfirmation</name>
         <load_address>0x20000b1a</load_address>
         <run_address>0x20000b1a</run_address>
         <size>0x9</size>
         <input_file_ref idref="fl-2"/>
      </object_component>
      <object_component id="oc-1a8">
         <name>.data:NPI_CCCDUpdatedConfirmation</name>
         <load_address>0x20000b11</load_address>
         <run_address>0x20000b11</run_address>
         <size>0x9</size>
         <input_file_ref idref="fl-2"/>
      </object_component>
      <object_component id="oc-18d">
         <name>.data:NPI_SendNotificationIndication</name>
         <load_address>0x20000ab9</load_address>
         <run_address>0x20000ab9</run_address>
         <size>0x14</size>
         <input_file_ref idref="fl-2"/>
      </object_component>
      <object_component id="oc-186">
         <name>.data:NPI_AddCharValue</name>
         <load_address>0x20000ae0</load_address>
         <run_address>0x20000ae0</run_address>
         <size>0xe</size>
         <input_file_ref idref="fl-2"/>
      </object_component>
      <object_component id="oc-189">
         <name>.data:NPI_AddCharDescriptor</name>
         <load_address>0x20000a4d</load_address>
         <run_address>0x20000a4d</run_address>
         <size>0x20</size>
         <input_file_ref idref="fl-2"/>
      </object_component>
      <object_component id="oc-183">
         <name>.data</name>
         <load_address>0x20000b2c</load_address>
         <run_address>0x20000b2c</run_address>
         <size>0x8</size>
         <input_file_ref idref="fl-2"/>
      </object_component>
      <object_component id="oc-1ad">
         <name>.data</name>
         <load_address>0x20000a8c</load_address>
         <run_address>0x20000a8c</run_address>
         <size>0x18</size>
         <input_file_ref idref="fl-4"/>
      </object_component>
      <object_component id="oc-131">
         <name>.data</name>
         <load_address>0x20000b44</load_address>
         <run_address>0x20000b44</run_address>
         <size>0x4</size>
         <input_file_ref idref="fl-b"/>
      </object_component>
      <object_component id="oc-1cb">
         <name>.data</name>
         <load_address>0x20000b34</load_address>
         <run_address>0x20000b34</run_address>
         <size>0x4</size>
         <input_file_ref idref="fl-c5"/>
      </object_component>
      <object_component id="oc-163">
         <name>.data:_ftable</name>
         <load_address>0x20000870</load_address>
         <run_address>0x20000870</run_address>
         <size>0xf0</size>
         <input_file_ref idref="fl-ca"/>
      </object_component>
      <object_component id="oc-1dd">
         <name>.data</name>
         <load_address>0x20000ad0</load_address>
         <run_address>0x20000ad0</run_address>
         <size>0x10</size>
         <input_file_ref idref="fl-ca"/>
      </object_component>
      <object_component id="oc-b9">
         <name>.data:$O1$$</name>
         <load_address>0x20000af0</load_address>
         <run_address>0x20000af0</run_address>
         <size>0xc</size>
         <input_file_ref idref="fl-cb"/>
      </object_component>
      <object_component id="oc-1e0">
         <name>.data</name>
         <load_address>0x20000b38</load_address>
         <run_address>0x20000b38</run_address>
         <size>0x4</size>
         <input_file_ref idref="fl-cc"/>
      </object_component>
      <object_component id="oc-267">
         <name>.data</name>
         <load_address>0x20000b3c</load_address>
         <run_address>0x20000b3c</run_address>
         <size>0x4</size>
         <input_file_ref idref="fl-d1"/>
      </object_component>
      <object_component id="oc-74">
         <name>.data</name>
         <load_address>0x20000b40</load_address>
         <run_address>0x20000b40</run_address>
         <size>0x4</size>
         <input_file_ref idref="fl-d4"/>
      </object_component>
      <object_component id="oc-1cc">
         <name>.data:_device</name>
         <load_address>0x20000960</load_address>
         <run_address>0x20000960</run_address>
         <size>0x78</size>
         <input_file_ref idref="fl-d8"/>
      </object_component>
      <object_component id="oc-268">
         <name>.data:_stream</name>
         <load_address>0x200009d8</load_address>
         <run_address>0x200009d8</run_address>
         <size>0x50</size>
         <input_file_ref idref="fl-d8"/>
      </object_component>
      <object_component id="oc-bc">
         <name>.data:$O1$$</name>
         <load_address>0x20000b24</load_address>
         <run_address>0x20000b24</run_address>
         <size>0x8</size>
         <input_file_ref idref="fl-d9"/>
      </object_component>
      <object_component id="oc-28b">
         <name>.data:$O1$$</name>
         <load_address>0x20000afc</load_address>
         <run_address>0x20000afc</run_address>
         <size>0xc</size>
         <input_file_ref idref="fl-e6"/>
      </object_component>
      <object_component id="oc-2de">
         <name>.bss:_CIOBUF_</name>
         <uninitialized>true</uninitialized>
         <run_address>0x20000000</run_address>
         <size>0x120</size>
         <input_file_ref idref="fl-eb"/>
      </object_component>
      <object_component id="oc-177">
         <name>.common:RecvBuf</name>
         <uninitialized>true</uninitialized>
         <run_address>0x20000360</run_address>
         <size>0x80</size>
      </object_component>
      <object_component id="oc-173">
         <name>.common:fcserr</name>
         <uninitialized>true</uninitialized>
         <run_address>0x20000460</run_address>
         <size>0x4</size>
      </object_component>
      <object_component id="oc-17b">
         <name>.common:TimeOutErr</name>
         <uninitialized>true</uninitialized>
         <run_address>0x20000458</run_address>
         <size>0x4</size>
      </object_component>
      <object_component id="oc-176">
         <name>.common:NoSOFErr</name>
         <uninitialized>true</uninitialized>
         <run_address>0x20000444</run_address>
         <size>0x4</size>
      </object_component>
      <object_component id="oc-18c">
         <name>.common:CharacteristicList</name>
         <uninitialized>true</uninitialized>
         <run_address>0x20000220</run_address>
         <size>0xa0</size>
      </object_component>
      <object_component id="oc-17c">
         <name>.common:NotifyCharacteristicList</name>
         <uninitialized>true</uninitialized>
         <run_address>0x200003e0</run_address>
         <size>0x50</size>
      </object_component>
      <object_component id="oc-114">
         <name>.common:ByteData</name>
         <uninitialized>true</uninitialized>
         <run_address>0x20000468</run_address>
         <size>0x1</size>
      </object_component>
      <object_component id="oc-117">
         <name>.common:HalfWordData</name>
         <uninitialized>true</uninitialized>
         <run_address>0x20000464</run_address>
         <size>0x2</size>
      </object_component>
      <object_component id="oc-118">
         <name>.common:WordData</name>
         <uninitialized>true</uninitialized>
         <run_address>0x2000045c</run_address>
         <size>0x4</size>
      </object_component>
      <object_component id="oc-119">
         <name>.common:Switch1</name>
         <uninitialized>true</uninitialized>
         <run_address>0x20000466</run_address>
         <size>0x2</size>
      </object_component>
      <object_component id="oc-11a">
         <name>.common:Switch2</name>
         <uninitialized>true</uninitialized>
         <run_address>0x20000454</run_address>
         <size>0x4</size>
      </object_component>
      <object_component id="oc-150">
         <name>.common:Messageindexb</name>
         <uninitialized>true</uninitialized>
         <run_address>0x20000440</run_address>
         <size>0x4</size>
      </object_component>
      <object_component id="oc-14d">
         <name>.common:Messageb</name>
         <uninitialized>true</uninitialized>
         <run_address>0x20000430</run_address>
         <size>0x8</size>
      </object_component>
      <object_component id="oc-cb">
         <name>.common:RxPutI</name>
         <uninitialized>true</uninitialized>
         <run_address>0x20000450</run_address>
         <size>0x4</size>
      </object_component>
      <object_component id="oc-ce">
         <name>.common:RxGetI</name>
         <uninitialized>true</uninitialized>
         <run_address>0x2000044c</run_address>
         <size>0x4</size>
      </object_component>
      <object_component id="oc-cf">
         <name>.common:RxFifoLost</name>
         <uninitialized>true</uninitialized>
         <run_address>0x20000448</run_address>
         <size>0x4</size>
      </object_component>
      <object_component id="oc-d0">
         <name>.common:RxFIFO</name>
         <uninitialized>true</uninitialized>
         <run_address>0x20000120</run_address>
         <size>0x100</size>
      </object_component>
      <object_component id="oc-27f">
         <name>.common:__TI_tmpnams</name>
         <uninitialized>true</uninitialized>
         <run_address>0x200002c0</run_address>
         <size>0xa0</size>
      </object_component>
      <object_component id="oc-2a7">
         <name>.common:parmbuf</name>
         <uninitialized>true</uninitialized>
         <run_address>0x20000438</run_address>
         <size>0x8</size>
      </object_component>
      <object_component id="oc-30">
         <name>.sysmem</name>
         <uninitialized>true</uninitialized>
         <run_address>0x20000470</run_address>
         <size>0x8</size>
         <input_file_ref idref="fl-e6"/>
      </object_component>
      <object_component id="oc-32c">
         <name>.sysmem</name>
         <uninitialized>true</uninitialized>
         <run_address>0x20000470</run_address>
         <size>0x0</size>
      </object_component>
      <object_component id="oc-2f">
         <name>.stack</name>
         <uninitialized>true</uninitialized>
         <run_address>0x2000fe00</run_address>
         <size>0x0</size>
         <input_file_ref idref="fl-c6"/>
      </object_component>
      <object_component id="oc-32b">
         <name>.stack</name>
         <uninitialized>true</uninitialized>
         <run_address>0x2000fe00</run_address>
         <size>0x0</size>
      </object_component>
      <object_component id="oc-174">
         <name>.debug_info</name>
         <load_address>0x0</load_address>
         <run_address>0x0</run_address>
         <size>0x997</size>
         <input_file_ref idref="fl-2"/>
      </object_component>
      <object_component id="oc-179">
         <name>.debug_info</name>
         <load_address>0x997</load_address>
         <run_address>0x997</run_address>
         <size>0x13e</size>
         <input_file_ref idref="fl-2"/>
      </object_component>
      <object_component id="oc-19d">
         <name>.debug_info</name>
         <load_address>0xad5</load_address>
         <run_address>0xad5</run_address>
         <size>0x12c</size>
         <input_file_ref idref="fl-2"/>
      </object_component>
      <object_component id="oc-1a0">
         <name>.debug_info</name>
         <load_address>0xc01</load_address>
         <run_address>0xc01</run_address>
         <size>0x12e</size>
         <input_file_ref idref="fl-2"/>
      </object_component>
      <object_component id="oc-17e">
         <name>.debug_info</name>
         <load_address>0xd2f</load_address>
         <run_address>0xd2f</run_address>
         <size>0x12e</size>
         <input_file_ref idref="fl-2"/>
      </object_component>
      <object_component id="oc-181">
         <name>.debug_info</name>
         <load_address>0xe5d</load_address>
         <run_address>0xe5d</run_address>
         <size>0x12a</size>
         <input_file_ref idref="fl-2"/>
      </object_component>
      <object_component id="oc-194">
         <name>.debug_info</name>
         <load_address>0xf87</load_address>
         <run_address>0xf87</run_address>
         <size>0x13c</size>
         <input_file_ref idref="fl-2"/>
      </object_component>
      <object_component id="oc-191">
         <name>.debug_info</name>
         <load_address>0x10c3</load_address>
         <run_address>0x10c3</run_address>
         <size>0x13c</size>
         <input_file_ref idref="fl-2"/>
      </object_component>
      <object_component id="oc-197">
         <name>.debug_info</name>
         <load_address>0x11ff</load_address>
         <run_address>0x11ff</run_address>
         <size>0x142</size>
         <input_file_ref idref="fl-2"/>
      </object_component>
      <object_component id="oc-19a">
         <name>.debug_info</name>
         <load_address>0x1341</load_address>
         <run_address>0x1341</run_address>
         <size>0x13e</size>
         <input_file_ref idref="fl-2"/>
      </object_component>
      <object_component id="oc-1a6">
         <name>.debug_info</name>
         <load_address>0x147f</load_address>
         <run_address>0x147f</run_address>
         <size>0x13a</size>
         <input_file_ref idref="fl-2"/>
      </object_component>
      <object_component id="oc-1a3">
         <name>.debug_info</name>
         <load_address>0x15b9</load_address>
         <run_address>0x15b9</run_address>
         <size>0x13c</size>
         <input_file_ref idref="fl-2"/>
      </object_component>
      <object_component id="oc-1a9">
         <name>.debug_info</name>
         <load_address>0x16f5</load_address>
         <run_address>0x16f5</run_address>
         <size>0x148</size>
         <input_file_ref idref="fl-2"/>
      </object_component>
      <object_component id="oc-18e">
         <name>.debug_info</name>
         <load_address>0x183d</load_address>
         <run_address>0x183d</run_address>
         <size>0x14e</size>
         <input_file_ref idref="fl-2"/>
      </object_component>
      <object_component id="oc-187">
         <name>.debug_info</name>
         <load_address>0x198b</load_address>
         <run_address>0x198b</run_address>
         <size>0x132</size>
         <input_file_ref idref="fl-2"/>
      </object_component>
      <object_component id="oc-18a">
         <name>.debug_info</name>
         <load_address>0x1abd</load_address>
         <run_address>0x1abd</run_address>
         <size>0x13c</size>
         <input_file_ref idref="fl-2"/>
      </object_component>
      <object_component id="oc-184">
         <name>.debug_info</name>
         <load_address>0x1bf9</load_address>
         <run_address>0x1bf9</run_address>
         <size>0x17d</size>
         <input_file_ref idref="fl-2"/>
      </object_component>
      <object_component id="oc-104">
         <name>.debug_info</name>
         <load_address>0x1d76</load_address>
         <run_address>0x1d76</run_address>
         <size>0x1e26</size>
         <input_file_ref idref="fl-2"/>
      </object_component>
      <object_component id="oc-137">
         <name>.debug_info</name>
         <load_address>0x3b9c</load_address>
         <run_address>0x3b9c</run_address>
         <size>0x37e2</size>
         <input_file_ref idref="fl-2"/>
      </object_component>
      <object_component id="oc-13c">
         <name>.debug_info</name>
         <load_address>0x737e</load_address>
         <run_address>0x737e</run_address>
         <size>0x1055</size>
         <input_file_ref idref="fl-2"/>
      </object_component>
      <object_component id="oc-1f7">
         <name>.debug_info</name>
         <load_address>0x83d3</load_address>
         <run_address>0x83d3</run_address>
         <size>0x155</size>
         <input_file_ref idref="fl-2"/>
      </object_component>
      <object_component id="oc-39">
         <name>.debug_info</name>
         <load_address>0x8528</load_address>
         <run_address>0x8528</run_address>
         <size>0x84</size>
         <input_file_ref idref="fl-2"/>
      </object_component>
      <object_component id="oc-d2">
         <name>.debug_info</name>
         <load_address>0x85ac</load_address>
         <run_address>0x85ac</run_address>
         <size>0x18b</size>
         <input_file_ref idref="fl-2"/>
      </object_component>
      <object_component id="oc-115">
         <name>.debug_info</name>
         <load_address>0x8737</load_address>
         <run_address>0x8737</run_address>
         <size>0x9d2</size>
         <input_file_ref idref="fl-3"/>
      </object_component>
      <object_component id="oc-b4">
         <name>.debug_info</name>
         <load_address>0x9109</load_address>
         <run_address>0x9109</run_address>
         <size>0x82c</size>
         <input_file_ref idref="fl-3"/>
      </object_component>
      <object_component id="oc-1ae">
         <name>.debug_info</name>
         <load_address>0x9935</load_address>
         <run_address>0x9935</run_address>
         <size>0x1d8</size>
         <input_file_ref idref="fl-4"/>
      </object_component>
      <object_component id="oc-111">
         <name>.debug_info</name>
         <load_address>0x9b0d</load_address>
         <run_address>0x9b0d</run_address>
         <size>0x522</size>
         <input_file_ref idref="fl-4"/>
      </object_component>
      <object_component id="oc-109">
         <name>.debug_info</name>
         <load_address>0xa02f</load_address>
         <run_address>0xa02f</run_address>
         <size>0x4e3</size>
         <input_file_ref idref="fl-5"/>
      </object_component>
      <object_component id="oc-170">
         <name>.debug_info</name>
         <load_address>0xa512</load_address>
         <run_address>0xa512</run_address>
         <size>0x1be</size>
         <input_file_ref idref="fl-6"/>
      </object_component>
      <object_component id="oc-fd">
         <name>.debug_info</name>
         <load_address>0xa6d0</load_address>
         <run_address>0xa6d0</run_address>
         <size>0x47a</size>
         <input_file_ref idref="fl-7"/>
      </object_component>
      <object_component id="oc-14e">
         <name>.debug_info</name>
         <load_address>0xab4a</load_address>
         <run_address>0xab4a</run_address>
         <size>0x7ae</size>
         <input_file_ref idref="fl-8"/>
      </object_component>
      <object_component id="oc-f7">
         <name>.debug_info</name>
         <load_address>0xb2f8</load_address>
         <run_address>0xb2f8</run_address>
         <size>0x1f3c</size>
         <input_file_ref idref="fl-8"/>
      </object_component>
      <object_component id="oc-1ba">
         <name>.debug_info</name>
         <load_address>0xd234</load_address>
         <run_address>0xd234</run_address>
         <size>0xc8</size>
         <input_file_ref idref="fl-8"/>
      </object_component>
      <object_component id="oc-167">
         <name>.debug_info</name>
         <load_address>0xd2fc</load_address>
         <run_address>0xd2fc</run_address>
         <size>0x2c</size>
         <input_file_ref idref="fl-8"/>
      </object_component>
      <object_component id="oc-cc">
         <name>.debug_info</name>
         <load_address>0xd328</load_address>
         <run_address>0xd328</run_address>
         <size>0x5fb</size>
         <input_file_ref idref="fl-9"/>
      </object_component>
      <object_component id="oc-7f">
         <name>.debug_info</name>
         <load_address>0xd923</load_address>
         <run_address>0xd923</run_address>
         <size>0x96a</size>
         <input_file_ref idref="fl-9"/>
      </object_component>
      <object_component id="oc-86">
         <name>.debug_info</name>
         <load_address>0xe28d</load_address>
         <run_address>0xe28d</run_address>
         <size>0x2d2</size>
         <input_file_ref idref="fl-a"/>
      </object_component>
      <object_component id="oc-2d">
         <name>.debug_info</name>
         <load_address>0xe55f</load_address>
         <run_address>0xe55f</run_address>
         <size>0x110</size>
         <input_file_ref idref="fl-a"/>
      </object_component>
      <object_component id="oc-79">
         <name>.debug_info</name>
         <load_address>0xe66f</load_address>
         <run_address>0xe66f</run_address>
         <size>0x1d7</size>
         <input_file_ref idref="fl-a"/>
      </object_component>
      <object_component id="oc-132">
         <name>.debug_info</name>
         <load_address>0xe846</load_address>
         <run_address>0xe846</run_address>
         <size>0x109</size>
         <input_file_ref idref="fl-b"/>
      </object_component>
      <object_component id="oc-c6">
         <name>.debug_info</name>
         <load_address>0xe94f</load_address>
         <run_address>0xe94f</run_address>
         <size>0x27b</size>
         <input_file_ref idref="fl-b"/>
      </object_component>
      <object_component id="oc-1d0">
         <name>.debug_info</name>
         <load_address>0xebca</load_address>
         <run_address>0xebca</run_address>
         <size>0x430</size>
         <input_file_ref idref="fl-c5"/>
      </object_component>
      <object_component id="oc-152">
         <name>.debug_info</name>
         <load_address>0xeffa</load_address>
         <run_address>0xeffa</run_address>
         <size>0x2d0</size>
         <input_file_ref idref="fl-c5"/>
      </object_component>
      <object_component id="oc-262">
         <name>.debug_info</name>
         <load_address>0xf2ca</load_address>
         <run_address>0xf2ca</run_address>
         <size>0xea</size>
         <input_file_ref idref="fl-c5"/>
      </object_component>
      <object_component id="oc-25d">
         <name>.debug_info</name>
         <load_address>0xf3b4</load_address>
         <run_address>0xf3b4</run_address>
         <size>0x2c</size>
         <input_file_ref idref="fl-c5"/>
      </object_component>
      <object_component id="oc-29">
         <name>.debug_info</name>
         <load_address>0xf3e0</load_address>
         <run_address>0xf3e0</run_address>
         <size>0x160</size>
         <input_file_ref idref="fl-c6"/>
      </object_component>
      <object_component id="oc-90">
         <name>.debug_info</name>
         <load_address>0xf540</load_address>
         <run_address>0xf540</run_address>
         <size>0x293</size>
         <input_file_ref idref="fl-c7"/>
      </object_component>
      <object_component id="oc-17">
         <name>.debug_info</name>
         <load_address>0xf7d3</load_address>
         <run_address>0xf7d3</run_address>
         <size>0x245</size>
         <input_file_ref idref="fl-c7"/>
      </object_component>
      <object_component id="oc-34">
         <name>.debug_info</name>
         <load_address>0xfa18</load_address>
         <run_address>0xfa18</run_address>
         <size>0x60</size>
         <input_file_ref idref="fl-c7"/>
      </object_component>
      <object_component id="oc-8b">
         <name>.debug_info</name>
         <load_address>0xfa78</load_address>
         <run_address>0xfa78</run_address>
         <size>0x46</size>
         <input_file_ref idref="fl-c7"/>
      </object_component>
      <object_component id="oc-49">
         <name>.debug_info</name>
         <load_address>0xfabe</load_address>
         <run_address>0xfabe</run_address>
         <size>0x2da</size>
         <input_file_ref idref="fl-c8"/>
      </object_component>
      <object_component id="oc-1b">
         <name>.debug_info</name>
         <load_address>0xfd98</load_address>
         <run_address>0xfd98</run_address>
         <size>0x1df</size>
         <input_file_ref idref="fl-c8"/>
      </object_component>
      <object_component id="oc-44">
         <name>.debug_info</name>
         <load_address>0xff77</load_address>
         <run_address>0xff77</run_address>
         <size>0x46</size>
         <input_file_ref idref="fl-c8"/>
      </object_component>
      <object_component id="oc-92">
         <name>.debug_info</name>
         <load_address>0xffbd</load_address>
         <run_address>0xffbd</run_address>
         <size>0x2c</size>
         <input_file_ref idref="fl-c8"/>
      </object_component>
      <object_component id="oc-55">
         <name>.debug_info</name>
         <load_address>0xffe9</load_address>
         <run_address>0xffe9</run_address>
         <size>0x2c9</size>
         <input_file_ref idref="fl-c9"/>
      </object_component>
      <object_component id="oc-22">
         <name>.debug_info</name>
         <load_address>0x102b2</load_address>
         <run_address>0x102b2</run_address>
         <size>0x1aa</size>
         <input_file_ref idref="fl-c9"/>
      </object_component>
      <object_component id="oc-50">
         <name>.debug_info</name>
         <load_address>0x1045c</load_address>
         <run_address>0x1045c</run_address>
         <size>0x46</size>
         <input_file_ref idref="fl-c9"/>
      </object_component>
      <object_component id="oc-9a">
         <name>.debug_info</name>
         <load_address>0x104a2</load_address>
         <run_address>0x104a2</run_address>
         <size>0x2c</size>
         <input_file_ref idref="fl-c9"/>
      </object_component>
      <object_component id="oc-1f2">
         <name>.debug_info</name>
         <load_address>0x104ce</load_address>
         <run_address>0x104ce</run_address>
         <size>0x139</size>
         <input_file_ref idref="fl-ca"/>
      </object_component>
      <object_component id="oc-164">
         <name>.debug_info</name>
         <load_address>0x10607</load_address>
         <run_address>0x10607</run_address>
         <size>0xf7</size>
         <input_file_ref idref="fl-ca"/>
      </object_component>
      <object_component id="oc-1de">
         <name>.debug_info</name>
         <load_address>0x106fe</load_address>
         <run_address>0x106fe</run_address>
         <size>0x184</size>
         <input_file_ref idref="fl-ca"/>
      </object_component>
      <object_component id="oc-286">
         <name>.debug_info</name>
         <load_address>0x10882</load_address>
         <run_address>0x10882</run_address>
         <size>0xae</size>
         <input_file_ref idref="fl-ca"/>
      </object_component>
      <object_component id="oc-c0">
         <name>.debug_info</name>
         <load_address>0x10930</load_address>
         <run_address>0x10930</run_address>
         <size>0x3ce</size>
         <input_file_ref idref="fl-cb"/>
      </object_component>
      <object_component id="oc-ba">
         <name>.debug_info</name>
         <load_address>0x10cfe</load_address>
         <run_address>0x10cfe</run_address>
         <size>0x185</size>
         <input_file_ref idref="fl-cb"/>
      </object_component>
      <object_component id="oc-6f">
         <name>.debug_info</name>
         <load_address>0x10e83</load_address>
         <run_address>0x10e83</run_address>
         <size>0x214</size>
         <input_file_ref idref="fl-cb"/>
      </object_component>
      <object_component id="oc-1e2">
         <name>.debug_info</name>
         <load_address>0x11097</load_address>
         <run_address>0x11097</run_address>
         <size>0x3d6</size>
         <input_file_ref idref="fl-cc"/>
      </object_component>
      <object_component id="oc-158">
         <name>.debug_info</name>
         <load_address>0x1146d</load_address>
         <run_address>0x1146d</run_address>
         <size>0x455</size>
         <input_file_ref idref="fl-cc"/>
      </object_component>
      <object_component id="oc-db">
         <name>.debug_info</name>
         <load_address>0x118c2</load_address>
         <run_address>0x118c2</run_address>
         <size>0x2c</size>
         <input_file_ref idref="fl-cc"/>
      </object_component>
      <object_component id="oc-22b">
         <name>.debug_info</name>
         <load_address>0x118ee</load_address>
         <run_address>0x118ee</run_address>
         <size>0x417</size>
         <input_file_ref idref="fl-cd"/>
      </object_component>
      <object_component id="oc-1c1">
         <name>.debug_info</name>
         <load_address>0x11d05</load_address>
         <run_address>0x11d05</run_address>
         <size>0x282</size>
         <input_file_ref idref="fl-cd"/>
      </object_component>
      <object_component id="oc-3f">
         <name>.debug_info</name>
         <load_address>0x11f87</load_address>
         <run_address>0x11f87</run_address>
         <size>0x111</size>
         <input_file_ref idref="fl-ce"/>
      </object_component>
      <object_component id="oc-4c">
         <name>.debug_info</name>
         <load_address>0x12098</load_address>
         <run_address>0x12098</run_address>
         <size>0x13f</size>
         <input_file_ref idref="fl-cf"/>
      </object_component>
      <object_component id="oc-58">
         <name>.debug_info</name>
         <load_address>0x121d7</load_address>
         <run_address>0x121d7</run_address>
         <size>0x138</size>
         <input_file_ref idref="fl-d0"/>
      </object_component>
      <object_component id="oc-26c">
         <name>.debug_info</name>
         <load_address>0x1230f</load_address>
         <run_address>0x1230f</run_address>
         <size>0x3f7</size>
         <input_file_ref idref="fl-d1"/>
      </object_component>
      <object_component id="oc-1d3">
         <name>.debug_info</name>
         <load_address>0x12706</load_address>
         <run_address>0x12706</run_address>
         <size>0x23a</size>
         <input_file_ref idref="fl-d1"/>
      </object_component>
      <object_component id="oc-2bf">
         <name>.debug_info</name>
         <load_address>0x12940</load_address>
         <run_address>0x12940</run_address>
         <size>0x120</size>
         <input_file_ref idref="fl-d1"/>
      </object_component>
      <object_component id="oc-5e">
         <name>.debug_info</name>
         <load_address>0x12a60</load_address>
         <run_address>0x12a60</run_address>
         <size>0x148</size>
         <input_file_ref idref="fl-d2"/>
      </object_component>
      <object_component id="oc-1ea">
         <name>.debug_info</name>
         <load_address>0x12ba8</load_address>
         <run_address>0x12ba8</run_address>
         <size>0x35a</size>
         <input_file_ref idref="fl-d3"/>
      </object_component>
      <object_component id="oc-15e">
         <name>.debug_info</name>
         <load_address>0x12f02</load_address>
         <run_address>0x12f02</run_address>
         <size>0x200</size>
         <input_file_ref idref="fl-d3"/>
      </object_component>
      <object_component id="oc-1eb">
         <name>.debug_info</name>
         <load_address>0x13102</load_address>
         <run_address>0x13102</run_address>
         <size>0xbb</size>
         <input_file_ref idref="fl-d3"/>
      </object_component>
      <object_component id="oc-75">
         <name>.debug_info</name>
         <load_address>0x131bd</load_address>
         <run_address>0x131bd</run_address>
         <size>0x109</size>
         <input_file_ref idref="fl-d4"/>
      </object_component>
      <object_component id="oc-296">
         <name>.debug_info</name>
         <load_address>0x132c6</load_address>
         <run_address>0x132c6</run_address>
         <size>0x28f</size>
         <input_file_ref idref="fl-d5"/>
      </object_component>
      <object_component id="oc-228">
         <name>.debug_info</name>
         <load_address>0x13555</load_address>
         <run_address>0x13555</run_address>
         <size>0x244</size>
         <input_file_ref idref="fl-d5"/>
      </object_component>
      <object_component id="oc-294">
         <name>.debug_info</name>
         <load_address>0x13799</load_address>
         <run_address>0x13799</run_address>
         <size>0x27f</size>
         <input_file_ref idref="fl-d6"/>
      </object_component>
      <object_component id="oc-21f">
         <name>.debug_info</name>
         <load_address>0x13a18</load_address>
         <run_address>0x13a18</run_address>
         <size>0x258</size>
         <input_file_ref idref="fl-d6"/>
      </object_component>
      <object_component id="oc-22d">
         <name>.debug_info</name>
         <load_address>0x13c70</load_address>
         <run_address>0x13c70</run_address>
         <size>0x290</size>
         <input_file_ref idref="fl-d7"/>
      </object_component>
      <object_component id="oc-1c6">
         <name>.debug_info</name>
         <load_address>0x13f00</load_address>
         <run_address>0x13f00</run_address>
         <size>0x259</size>
         <input_file_ref idref="fl-d7"/>
      </object_component>
      <object_component id="oc-25a">
         <name>.debug_info</name>
         <load_address>0x14159</load_address>
         <run_address>0x14159</run_address>
         <size>0x4c5</size>
         <input_file_ref idref="fl-d8"/>
      </object_component>
      <object_component id="oc-1cd">
         <name>.debug_info</name>
         <load_address>0x1461e</load_address>
         <run_address>0x1461e</run_address>
         <size>0xf8</size>
         <input_file_ref idref="fl-d8"/>
      </object_component>
      <object_component id="oc-269">
         <name>.debug_info</name>
         <load_address>0x14716</load_address>
         <run_address>0x14716</run_address>
         <size>0xf8</size>
         <input_file_ref idref="fl-d8"/>
      </object_component>
      <object_component id="oc-2c9">
         <name>.debug_info</name>
         <load_address>0x1480e</load_address>
         <run_address>0x1480e</run_address>
         <size>0x184</size>
         <input_file_ref idref="fl-d8"/>
      </object_component>
      <object_component id="oc-12d">
         <name>.debug_info</name>
         <load_address>0x14992</load_address>
         <run_address>0x14992</run_address>
         <size>0x2be</size>
         <input_file_ref idref="fl-d9"/>
      </object_component>
      <object_component id="oc-bd">
         <name>.debug_info</name>
         <load_address>0x14c50</load_address>
         <run_address>0x14c50</run_address>
         <size>0x113</size>
         <input_file_ref idref="fl-d9"/>
      </object_component>
      <object_component id="oc-128">
         <name>.debug_info</name>
         <load_address>0x14d63</load_address>
         <run_address>0x14d63</run_address>
         <size>0x21f</size>
         <input_file_ref idref="fl-d9"/>
      </object_component>
      <object_component id="oc-b8">
         <name>.debug_info</name>
         <load_address>0x14f82</load_address>
         <run_address>0x14f82</run_address>
         <size>0x300</size>
         <input_file_ref idref="fl-da"/>
      </object_component>
      <object_component id="oc-6a">
         <name>.debug_info</name>
         <load_address>0x15282</load_address>
         <run_address>0x15282</run_address>
         <size>0x167</size>
         <input_file_ref idref="fl-da"/>
      </object_component>
      <object_component id="oc-11e">
         <name>.debug_info</name>
         <load_address>0x153e9</load_address>
         <run_address>0x153e9</run_address>
         <size>0x5e</size>
         <input_file_ref idref="fl-da"/>
      </object_component>
      <object_component id="oc-b0">
         <name>.debug_info</name>
         <load_address>0x15447</load_address>
         <run_address>0x15447</run_address>
         <size>0x483</size>
         <input_file_ref idref="fl-db"/>
      </object_component>
      <object_component id="oc-65">
         <name>.debug_info</name>
         <load_address>0x158ca</load_address>
         <run_address>0x158ca</run_address>
         <size>0x190</size>
         <input_file_ref idref="fl-db"/>
      </object_component>
      <object_component id="oc-ec">
         <name>.debug_info</name>
         <load_address>0x15a5a</load_address>
         <run_address>0x15a5a</run_address>
         <size>0x39</size>
         <input_file_ref idref="fl-db"/>
      </object_component>
      <object_component id="oc-148">
         <name>.debug_info</name>
         <load_address>0x15a93</load_address>
         <run_address>0x15a93</run_address>
         <size>0x39</size>
         <input_file_ref idref="fl-db"/>
      </object_component>
      <object_component id="oc-f1">
         <name>.debug_info</name>
         <load_address>0x15acc</load_address>
         <run_address>0x15acc</run_address>
         <size>0xcd</size>
         <input_file_ref idref="fl-db"/>
      </object_component>
      <object_component id="oc-e8">
         <name>.debug_info</name>
         <load_address>0x15b99</load_address>
         <run_address>0x15b99</run_address>
         <size>0x37a</size>
         <input_file_ref idref="fl-dc"/>
      </object_component>
      <object_component id="oc-a5">
         <name>.debug_info</name>
         <load_address>0x15f13</load_address>
         <run_address>0x15f13</run_address>
         <size>0x183</size>
         <input_file_ref idref="fl-dc"/>
      </object_component>
      <object_component id="oc-143">
         <name>.debug_info</name>
         <load_address>0x16096</load_address>
         <run_address>0x16096</run_address>
         <size>0x2c</size>
         <input_file_ref idref="fl-dc"/>
      </object_component>
      <object_component id="oc-281">
         <name>.debug_info</name>
         <load_address>0x160c2</load_address>
         <run_address>0x160c2</run_address>
         <size>0x39a</size>
         <input_file_ref idref="fl-dd"/>
      </object_component>
      <object_component id="oc-1d9">
         <name>.debug_info</name>
         <load_address>0x1645c</load_address>
         <run_address>0x1645c</run_address>
         <size>0x298</size>
         <input_file_ref idref="fl-dd"/>
      </object_component>
      <object_component id="oc-2cf">
         <name>.debug_info</name>
         <load_address>0x166f4</load_address>
         <run_address>0x166f4</run_address>
         <size>0x33c</size>
         <input_file_ref idref="fl-de"/>
      </object_component>
      <object_component id="oc-26f">
         <name>.debug_info</name>
         <load_address>0x16a30</load_address>
         <run_address>0x16a30</run_address>
         <size>0x25a</size>
         <input_file_ref idref="fl-de"/>
      </object_component>
      <object_component id="oc-2ac">
         <name>.debug_info</name>
         <load_address>0x16c8a</load_address>
         <run_address>0x16c8a</run_address>
         <size>0x368</size>
         <input_file_ref idref="fl-df"/>
      </object_component>
      <object_component id="oc-235">
         <name>.debug_info</name>
         <load_address>0x16ff2</load_address>
         <run_address>0x16ff2</run_address>
         <size>0x1b1</size>
         <input_file_ref idref="fl-df"/>
      </object_component>
      <object_component id="oc-2b2">
         <name>.debug_info</name>
         <load_address>0x171a3</load_address>
         <run_address>0x171a3</run_address>
         <size>0x36d</size>
         <input_file_ref idref="fl-e0"/>
      </object_component>
      <object_component id="oc-247">
         <name>.debug_info</name>
         <load_address>0x17510</load_address>
         <run_address>0x17510</run_address>
         <size>0x205</size>
         <input_file_ref idref="fl-e0"/>
      </object_component>
      <object_component id="oc-2a8">
         <name>.debug_info</name>
         <load_address>0x17715</load_address>
         <run_address>0x17715</run_address>
         <size>0x3cb</size>
         <input_file_ref idref="fl-e1"/>
      </object_component>
      <object_component id="oc-22f">
         <name>.debug_info</name>
         <load_address>0x17ae0</load_address>
         <run_address>0x17ae0</run_address>
         <size>0x201</size>
         <input_file_ref idref="fl-e1"/>
      </object_component>
      <object_component id="oc-2ae">
         <name>.debug_info</name>
         <load_address>0x17ce1</load_address>
         <run_address>0x17ce1</run_address>
         <size>0x36c</size>
         <input_file_ref idref="fl-e2"/>
      </object_component>
      <object_component id="oc-23d">
         <name>.debug_info</name>
         <load_address>0x1804d</load_address>
         <run_address>0x1804d</run_address>
         <size>0x1f0</size>
         <input_file_ref idref="fl-e2"/>
      </object_component>
      <object_component id="oc-2bc">
         <name>.debug_info</name>
         <load_address>0x1823d</load_address>
         <run_address>0x1823d</run_address>
         <size>0x3f3</size>
         <input_file_ref idref="fl-e3"/>
      </object_component>
      <object_component id="oc-253">
         <name>.debug_info</name>
         <load_address>0x18630</load_address>
         <run_address>0x18630</run_address>
         <size>0x22b</size>
         <input_file_ref idref="fl-e3"/>
      </object_component>
      <object_component id="oc-2b4">
         <name>.debug_info</name>
         <load_address>0x1885b</load_address>
         <run_address>0x1885b</run_address>
         <size>0x3be</size>
         <input_file_ref idref="fl-e4"/>
      </object_component>
      <object_component id="oc-24e">
         <name>.debug_info</name>
         <load_address>0x18c19</load_address>
         <run_address>0x18c19</run_address>
         <size>0x1bb</size>
         <input_file_ref idref="fl-e4"/>
      </object_component>
      <object_component id="oc-2b0">
         <name>.debug_info</name>
         <load_address>0x18dd4</load_address>
         <run_address>0x18dd4</run_address>
         <size>0x36d</size>
         <input_file_ref idref="fl-e5"/>
      </object_component>
      <object_component id="oc-242">
         <name>.debug_info</name>
         <load_address>0x19141</load_address>
         <run_address>0x19141</run_address>
         <size>0x1f5</size>
         <input_file_ref idref="fl-e5"/>
      </object_component>
      <object_component id="oc-89">
         <name>.debug_info</name>
         <load_address>0x19336</load_address>
         <run_address>0x19336</run_address>
         <size>0x3bc</size>
         <input_file_ref idref="fl-e6"/>
      </object_component>
      <object_component id="oc-31">
         <name>.debug_info</name>
         <load_address>0x196f2</load_address>
         <run_address>0x196f2</run_address>
         <size>0x101</size>
         <input_file_ref idref="fl-e6"/>
      </object_component>
      <object_component id="oc-28c">
         <name>.debug_info</name>
         <load_address>0x197f3</load_address>
         <run_address>0x197f3</run_address>
         <size>0x14c</size>
         <input_file_ref idref="fl-e6"/>
      </object_component>
      <object_component id="oc-1e7">
         <name>.debug_info</name>
         <load_address>0x1993f</load_address>
         <run_address>0x1993f</run_address>
         <size>0x885</size>
         <input_file_ref idref="fl-e6"/>
      </object_component>
      <object_component id="oc-e0">
         <name>.debug_info</name>
         <load_address>0x1a1c4</load_address>
         <run_address>0x1a1c4</run_address>
         <size>0x62</size>
         <input_file_ref idref="fl-e6"/>
      </object_component>
      <object_component id="oc-aa">
         <name>.debug_info</name>
         <load_address>0x1a226</load_address>
         <run_address>0x1a226</run_address>
         <size>0x145</size>
         <input_file_ref idref="fl-e8"/>
      </object_component>
      <object_component id="oc-2f0">
         <name>.debug_info</name>
         <load_address>0x1a36b</load_address>
         <run_address>0x1a36b</run_address>
         <size>0x28a</size>
         <input_file_ref idref="fl-e9"/>
      </object_component>
      <object_component id="oc-2b6">
         <name>.debug_info</name>
         <load_address>0x1a5f5</load_address>
         <run_address>0x1a5f5</run_address>
         <size>0x231</size>
         <input_file_ref idref="fl-e9"/>
      </object_component>
      <object_component id="oc-2dd">
         <name>.debug_info</name>
         <load_address>0x1a826</load_address>
         <run_address>0x1a826</run_address>
         <size>0x284</size>
         <input_file_ref idref="fl-ea"/>
      </object_component>
      <object_component id="oc-29f">
         <name>.debug_info</name>
         <load_address>0x1aaaa</load_address>
         <run_address>0x1aaaa</run_address>
         <size>0x22a</size>
         <input_file_ref idref="fl-ea"/>
      </object_component>
      <object_component id="oc-2e2">
         <name>.debug_info</name>
         <load_address>0x1acd4</load_address>
         <run_address>0x1acd4</run_address>
         <size>0x2b0</size>
         <input_file_ref idref="fl-eb"/>
      </object_component>
      <object_component id="oc-2df">
         <name>.debug_info</name>
         <load_address>0x1af84</load_address>
         <run_address>0x1af84</run_address>
         <size>0xfd</size>
         <input_file_ref idref="fl-eb"/>
      </object_component>
      <object_component id="oc-2a3">
         <name>.debug_info</name>
         <load_address>0x1b081</load_address>
         <run_address>0x1b081</run_address>
         <size>0x281</size>
         <input_file_ref idref="fl-eb"/>
      </object_component>
      <object_component id="oc-2d3">
         <name>.debug_info</name>
         <load_address>0x1b302</load_address>
         <run_address>0x1b302</run_address>
         <size>0x3c6</size>
         <input_file_ref idref="fl-ec"/>
      </object_component>
      <object_component id="oc-27a">
         <name>.debug_info</name>
         <load_address>0x1b6c8</load_address>
         <run_address>0x1b6c8</run_address>
         <size>0x19a</size>
         <input_file_ref idref="fl-ec"/>
      </object_component>
      <object_component id="oc-2d1">
         <name>.debug_info</name>
         <load_address>0x1b862</load_address>
         <run_address>0x1b862</run_address>
         <size>0x3c4</size>
         <input_file_ref idref="fl-ed"/>
      </object_component>
      <object_component id="oc-276">
         <name>.debug_info</name>
         <load_address>0x1bc26</load_address>
         <run_address>0x1bc26</run_address>
         <size>0x18a</size>
         <input_file_ref idref="fl-ed"/>
      </object_component>
      <object_component id="oc-32d">
         <name>.debug_info</name>
         <load_address>0x1bdb0</load_address>
         <run_address>0x1bdb0</run_address>
         <size>0xbf</size>
      </object_component>
      <object_component id="oc-1f6">
         <name>.debug_line</name>
         <load_address>0x0</load_address>
         <run_address>0x0</run_address>
         <size>0x191</size>
         <input_file_ref idref="fl-2"/>
      </object_component>
      <object_component id="oc-1fd">
         <name>.debug_line</name>
         <load_address>0x191</load_address>
         <run_address>0x191</run_address>
         <size>0x62</size>
         <input_file_ref idref="fl-2"/>
      </object_component>
      <object_component id="oc-213">
         <name>.debug_line</name>
         <load_address>0x1f3</load_address>
         <run_address>0x1f3</run_address>
         <size>0x62</size>
         <input_file_ref idref="fl-2"/>
      </object_component>
      <object_component id="oc-215">
         <name>.debug_line</name>
         <load_address>0x255</load_address>
         <run_address>0x255</run_address>
         <size>0x62</size>
         <input_file_ref idref="fl-2"/>
      </object_component>
      <object_component id="oc-1ff">
         <name>.debug_line</name>
         <load_address>0x2b7</load_address>
         <run_address>0x2b7</run_address>
         <size>0x62</size>
         <input_file_ref idref="fl-2"/>
      </object_component>
      <object_component id="oc-201">
         <name>.debug_line</name>
         <load_address>0x319</load_address>
         <run_address>0x319</run_address>
         <size>0x62</size>
         <input_file_ref idref="fl-2"/>
      </object_component>
      <object_component id="oc-20d">
         <name>.debug_line</name>
         <load_address>0x37b</load_address>
         <run_address>0x37b</run_address>
         <size>0x62</size>
         <input_file_ref idref="fl-2"/>
      </object_component>
      <object_component id="oc-20b">
         <name>.debug_line</name>
         <load_address>0x3dd</load_address>
         <run_address>0x3dd</run_address>
         <size>0x62</size>
         <input_file_ref idref="fl-2"/>
      </object_component>
      <object_component id="oc-20f">
         <name>.debug_line</name>
         <load_address>0x43f</load_address>
         <run_address>0x43f</run_address>
         <size>0x62</size>
         <input_file_ref idref="fl-2"/>
      </object_component>
      <object_component id="oc-211">
         <name>.debug_line</name>
         <load_address>0x4a1</load_address>
         <run_address>0x4a1</run_address>
         <size>0x62</size>
         <input_file_ref idref="fl-2"/>
      </object_component>
      <object_component id="oc-219">
         <name>.debug_line</name>
         <load_address>0x503</load_address>
         <run_address>0x503</run_address>
         <size>0x62</size>
         <input_file_ref idref="fl-2"/>
      </object_component>
      <object_component id="oc-217">
         <name>.debug_line</name>
         <load_address>0x565</load_address>
         <run_address>0x565</run_address>
         <size>0x62</size>
         <input_file_ref idref="fl-2"/>
      </object_component>
      <object_component id="oc-21b">
         <name>.debug_line</name>
         <load_address>0x5c7</load_address>
         <run_address>0x5c7</run_address>
         <size>0x62</size>
         <input_file_ref idref="fl-2"/>
      </object_component>
      <object_component id="oc-209">
         <name>.debug_line</name>
         <load_address>0x629</load_address>
         <run_address>0x629</run_address>
         <size>0x62</size>
         <input_file_ref idref="fl-2"/>
      </object_component>
      <object_component id="oc-205">
         <name>.debug_line</name>
         <load_address>0x68b</load_address>
         <run_address>0x68b</run_address>
         <size>0x62</size>
         <input_file_ref idref="fl-2"/>
      </object_component>
      <object_component id="oc-207">
         <name>.debug_line</name>
         <load_address>0x6ed</load_address>
         <run_address>0x6ed</run_address>
         <size>0x62</size>
         <input_file_ref idref="fl-2"/>
      </object_component>
      <object_component id="oc-203">
         <name>.debug_line</name>
         <load_address>0x74f</load_address>
         <run_address>0x74f</run_address>
         <size>0x62</size>
         <input_file_ref idref="fl-2"/>
      </object_component>
      <object_component id="oc-103">
         <name>.debug_line</name>
         <load_address>0x7b1</load_address>
         <run_address>0x7b1</run_address>
         <size>0x5e3</size>
         <input_file_ref idref="fl-2"/>
      </object_component>
      <object_component id="oc-13a">
[...]
      </symbol>
      <symbol id="sm-387">
         <name>UART1_FinishOutput</name>
         <value>0x2689</value>
         <object_component_ref idref="oc-7e"/>
      </symbol>
      <symbol id="sm-388">
         <name>RxFifo_Init</name>
         <value>0x252d</value>
         <object_component_ref idref="oc-7e"/>
      </symbol>
      <symbol id="sm-39d">
         <name>Reset_Handler</name>
         <value>0x33f7</value>
         <object_component_ref idref="oc-78"/>
      </symbol>
      <symbol id="sm-39e">
         <name>Default_Handler</name>
         <value>0x3403</value>
         <object_component_ref idref="oc-78"/>
      </symbol>
      <symbol id="sm-39f">
         <name>interruptVectors</name>
         <value>0x0</value>
         <object_component_ref idref="oc-2c"/>
      </symbol>
      <symbol id="sm-3e5">
         <name>SystemInit</name>
         <value>0x1da9</value>
         <object_component_ref idref="oc-c4"/>
      </symbol>
      <symbol id="sm-3e6">
         <name>SystemCoreClockUpdate</name>
         <value>0x1b35</value>
         <object_component_ref idref="oc-c4"/>
      </symbol>
      <symbol id="sm-3e7">
         <name>SystemCoreClock</name>
         <value>0x20000b44</value>
         <object_component_ref idref="oc-131"/>
      </symbol>
      <symbol id="sm-40c">
         <name>add_device</name>
         <value>0x2ae5</value>
         <object_component_ref idref="oc-151"/>
      </symbol>
      <symbol id="sm-41d">
         <name>_c_int00</name>
         <value>0x3139</value>
         <object_component_ref idref="oc-26"/>
      </symbol>
      <symbol id="sm-41e">
         <name>__stack</name>
         <value>0x2000fe00</value>
         <object_component_ref idref="oc-2f"/>
      </symbol>
      <symbol id="sm-43c">
         <name>__TI_decompress_lzss</name>
         <value>0x2e2d</value>
         <object_component_ref idref="oc-14"/>
      </symbol>
      <symbol id="sm-453">
         <name>__TI_decompress_none</name>
         <value>0x33e9</value>
         <object_component_ref idref="oc-1a"/>
      </symbol>
      <symbol id="sm-46a">
         <name>__TI_zero_init</name>
         <value>0x3405</value>
         <object_component_ref idref="oc-20"/>
      </symbol>
      <symbol id="sm-484">
         <name>__TI_tmpnams</name>
         <value>0x200002c0</value>
      </symbol>
      <symbol id="sm-485">
         <name>__aeabi_stdout</name>
         <value>0x20000ad8</value>
         <object_component_ref idref="oc-1dd"/>
      </symbol>
      <symbol id="sm-486">
         <name>__aeabi_stderr</name>
         <value>0x20000adc</value>
         <object_component_ref idref="oc-1dd"/>
      </symbol>
      <symbol id="sm-487">
         <name>__aeabi_stdin</name>
         <value>0x20000ad4</value>
         <object_component_ref idref="oc-1dd"/>
      </symbol>
      <symbol id="sm-488">
         <name>_ftable</name>
         <value>0x20000870</value>
         <object_component_ref idref="oc-163"/>
      </symbol>
      <symbol id="sm-489">
         <name>__TI_ft_end</name>
         <value>0x20000ad0</value>
         <object_component_ref idref="oc-1dd"/>
      </symbol>
      <symbol id="sm-4aa">
         <name>C$$EXIT</name>
         <value>0x318d</value>
         <object_component_ref idref="oc-6e"/>
      </symbol>
      <symbol id="sm-4ab">
         <name>abort</name>
         <value>0x3191</value>
         <object_component_ref idref="oc-6e"/>
      </symbol>
      <symbol id="sm-4ac">
         <name>exit</name>
         <value>0x3199</value>
         <object_component_ref idref="oc-6e"/>
      </symbol>
      <symbol id="sm-4ad">
         <name>__TI_dtors_ptr</name>
         <value>0x20000af4</value>
         <object_component_ref idref="oc-b9"/>
      </symbol>
      <symbol id="sm-4ae">
         <name>__TI_cleanup_ptr</name>
         <value>0x20000af0</value>
         <object_component_ref idref="oc-b9"/>
      </symbol>
      <symbol id="sm-4af">
         <name>__TI_enable_exit_profile_output</name>
         <value>0x20000af8</value>
         <object_component_ref idref="oc-b9"/>
      </symbol>
      <symbol id="sm-4e6">
         <name>__TI_cleanup</name>
         <value>0x2431</value>
         <object_component_ref idref="oc-157"/>
      </symbol>
      <symbol id="sm-4e7">
         <name>freopen</name>
         <value>0x245d</value>
         <object_component_ref idref="oc-157"/>
      </symbol>
      <symbol id="sm-4e8">
         <name>fopen</name>
         <value>0x2487</value>
         <object_component_ref idref="oc-157"/>
      </symbol>
      <symbol id="sm-4fd">
         <name>finddevice</name>
         <value>0x2dbd</value>
         <object_component_ref idref="oc-1bf"/>
      </symbol>
      <symbol id="sm-4fe">
         <name>getdevice</name>
         <value>0x2de7</value>
         <object_component_ref idref="oc-1bf"/>
      </symbol>
      <symbol id="sm-519">
         <name>memcpy</name>
         <value>0x2b9d</value>
         <object_component_ref idref="oc-3e"/>
      </symbol>
      <symbol id="sm-51a">
         <name>__aeabi_memcpy</name>
         <value>0x2b9d</value>
         <object_component_ref idref="oc-3e"/>
      </symbol>
      <symbol id="sm-51b">
         <name>__aeabi_memcpy8</name>
         <value>0x2b9d</value>
         <object_component_ref idref="oc-3e"/>
      </symbol>
      <symbol id="sm-51c">
         <name>__aeabi_memcpy4</name>
         <value>0x2b9d</value>
         <object_component_ref idref="oc-3e"/>
      </symbol>
      <symbol id="sm-52b">
         <name>__aeabi_memset</name>
         <value>0x2cd3</value>
         <object_component_ref idref="oc-4a"/>
      </symbol>
      <symbol id="sm-52c">
         <name>memset</name>
         <value>0x2cd9</value>
         <object_component_ref idref="oc-4a"/>
      </symbol>
      <symbol id="sm-52d">
         <name>__aeabi_memset8</name>
         <value>0x2cd3</value>
         <object_component_ref idref="oc-4a"/>
      </symbol>
      <symbol id="sm-52e">
         <name>__aeabi_memset4</name>
         <value>0x2cd3</value>
         <object_component_ref idref="oc-4a"/>
      </symbol>
      <symbol id="sm-52f">
         <name>__aeabi_memclr8</name>
         <value>0x2cd1</value>
         <object_component_ref idref="oc-4a"/>
      </symbol>
      <symbol id="sm-530">
         <name>__aeabi_memclr4</name>
         <value>0x2cd1</value>
         <object_component_ref idref="oc-4a"/>
      </symbol>
      <symbol id="sm-531">
         <name>__aeabi_memclr</name>
         <value>0x2cd1</value>
         <object_component_ref idref="oc-4a"/>
      </symbol>
      <symbol id="sm-53b">
         <name>__mpu_init</name>
         <value>0x2d4b</value>
         <object_component_ref idref="oc-56"/>
      </symbol>
      <symbol id="sm-55d">
         <name>open</name>
         <value>0x2a29</value>
         <object_component_ref idref="oc-1d1"/>
      </symbol>
      <symbol id="sm-567">
         <name>_system_pre_init</name>
         <value>0x3411</value>
         <object_component_ref idref="oc-5c"/>
      </symbol>
      <symbol id="sm-588">
         <name>setvbuf</name>
         <value>0x27c5</value>
         <object_component_ref idref="oc-15d"/>
      </symbol>
      <symbol id="sm-590">
         <name>main_func_sp</name>
         <value>0x20000b40</value>
         <object_component_ref idref="oc-74"/>
      </symbol>
      <symbol id="sm-5a0">
         <name>strchr</name>
         <value>0x3395</value>
         <object_component_ref idref="oc-224"/>
      </symbol>
      <symbol id="sm-5af">
         <name>strcmp</name>
         <value>0x337d</value>
         <object_component_ref idref="oc-21e"/>
      </symbol>
      <symbol id="sm-5bf">
         <name>strncpy</name>
         <value>0x32b5</value>
         <object_component_ref idref="oc-1c5"/>
      </symbol>
      <symbol id="sm-5db">
         <name>_stream</name>
         <value>0x200009d8</value>
         <object_component_ref idref="oc-268"/>
      </symbol>
      <symbol id="sm-5dc">
         <name>_device</name>
         <value>0x20000960</value>
         <object_component_ref idref="oc-1cc"/>
      </symbol>
      <symbol id="sm-5dd">
         <name>write</name>
         <value>0x3319</value>
         <object_component_ref idref="oc-2c8"/>
      </symbol>
      <symbol id="sm-5f6">
         <name>_nop</name>
         <value>0x33bb</value>
         <object_component_ref idref="oc-125"/>
      </symbol>
      <symbol id="sm-5f7">
         <name>_lock</name>
         <value>0x20000b24</value>
         <object_component_ref idref="oc-bc"/>
      </symbol>
      <symbol id="sm-5f8">
         <name>_unlock</name>
         <value>0x20000b28</value>
         <object_component_ref idref="oc-bc"/>
      </symbol>
      <symbol id="sm-5f9">
         <name>_register_lock</name>
         <value>0x33b3</value>
         <object_component_ref idref="oc-125"/>
      </symbol>
      <symbol id="sm-5fa">
         <name>_register_unlock</name>
         <value>0x33ad</value>
         <object_component_ref idref="oc-125"/>
      </symbol>
      <symbol id="sm-60e">
         <name>_args_main</name>
         <value>0x3365</value>
         <object_component_ref idref="oc-68"/>
      </symbol>
      <symbol id="sm-638">
         <name>__TI_auto_init</name>
         <value>0x2d4d</value>
         <object_component_ref idref="oc-62"/>
      </symbol>
      <symbol id="sm-652">
         <name>copy_in</name>
         <value>0x31e1</value>
         <object_component_ref idref="oc-a3"/>
      </symbol>
      <symbol id="sm-668">
         <name>__TI_closefile</name>
         <value>0x2c39</value>
         <object_component_ref idref="oc-1d7"/>
      </symbol>
      <symbol id="sm-669">
         <name>fclose</name>
         <value>0x2c9f</value>
         <object_component_ref idref="oc-1d7"/>
      </symbol>
      <symbol id="sm-683">
         <name>__TI_doflush</name>
         <value>0x28a1</value>
         <object_component_ref idref="oc-26d"/>
      </symbol>
      <symbol id="sm-684">
         <name>fflush</name>
         <value>0x28ed</value>
         <object_component_ref idref="oc-26d"/>
      </symbol>
      <symbol id="sm-695">
         <name>HOSTclose</name>
         <value>0x322d</value>
         <object_component_ref idref="oc-234"/>
      </symbol>
      <symbol id="sm-6a6">
         <name>HOSTlseek</name>
         <value>0x2e95</value>
         <object_component_ref idref="oc-246"/>
      </symbol>
      <symbol id="sm-6b8">
         <name>parmbuf</name>
         <value>0x20000438</value>
      </symbol>
      <symbol id="sm-6b9">
         <name>HOSTopen</name>
         <value>0x2fcd</value>
         <object_component_ref idref="oc-22e"/>
      </symbol>
      <symbol id="sm-6ca">
         <name>HOSTread</name>
         <value>0x3089</value>
         <object_component_ref idref="oc-23a"/>
      </symbol>
      <symbol id="sm-6db">
         <name>HOSTrename</name>
         <value>0x2efd</value>
         <object_component_ref idref="oc-252"/>
      </symbol>
      <symbol id="sm-6ec">
         <name>HOSTunlink</name>
         <value>0x3271</value>
         <object_component_ref idref="oc-24c"/>
      </symbol>
      <symbol id="sm-6fd">
         <name>HOSTwrite</name>
         <value>0x30e1</value>
         <object_component_ref idref="oc-240"/>
      </symbol>
      <symbol id="sm-76f">
         <name>_sys_memory</name>
         <value>0x20000470</value>
         <object_component_ref idref="oc-30"/>
      </symbol>
      <symbol id="sm-770">
         <name>free</name>
         <value>0x184f</value>
         <object_component_ref idref="oc-1e3"/>
      </symbol>
      <symbol id="sm-771">
         <name>realloc</name>
         <value>0x190f</value>
         <object_component_ref idref="oc-1e3"/>
      </symbol>
      <symbol id="sm-772">
         <name>memalign</name>
         <value>0x1a19</value>
         <object_component_ref idref="oc-1e3"/>
      </symbol>
      <symbol id="sm-773">
         <name>calloc</name>
         <value>0x1b05</value>
         <object_component_ref idref="oc-1e3"/>
      </symbol>
      <symbol id="sm-774">
         <name>malloc</name>
         <value>0x17e5</value>
         <object_component_ref idref="oc-1e3"/>
      </symbol>
      <symbol id="sm-775">
         <name>minit</name>
         <value>0x1765</value>
         <object_component_ref idref="oc-1e3"/>
      </symbol>
      <symbol id="sm-780">
         <name>_system_post_cinit</name>
         <value>0x32eb</value>
         <object_component_ref idref="oc-a9"/>
      </symbol>
      <symbol id="sm-78e">
         <name>strcpy</name>
         <value>0x33c1</value>
         <object_component_ref idref="oc-2b5"/>
      </symbol>
      <symbol id="sm-79c">
         <name>strlen</name>
         <value>0x33d5</value>
         <object_component_ref idref="oc-29b"/>
      </symbol>
      <symbol id="sm-7b7">
         <name>__TI_readmsg</name>
         <value>0x2f97</value>
         <object_component_ref idref="oc-2a1"/>
      </symbol>
      <symbol id="sm-7b8">
         <name>C$$IO$$</name>
         <value>0x2f93</value>
         <object_component_ref idref="oc-2a1"/>
      </symbol>
      <symbol id="sm-7b9">
         <name>__CIOBUF_</name>
         <value>0x20000000</value>
         <object_component_ref idref="oc-2de"/>
      </symbol>
      <symbol id="sm-7ba">
         <name>__TI_writemsg</name>
         <value>0x2f65</value>
         <object_component_ref idref="oc-2a1"/>
      </symbol>
      <symbol id="sm-7ca">
         <name>unlink</name>
         <value>0x32ed</value>
         <object_component_ref idref="oc-279"/>
      </symbol>
      <symbol id="sm-7de">
         <name>close</name>
         <value>0x302d</value>
         <object_component_ref idref="oc-273"/>
      </symbol>
      <symbol id="sm-7df">
         <name>__TI_static_base__</name>
         <value>0x0</value>
      </symbol>
      <symbol id="sm-7e2">
         <name>SHT$$INIT_ARRAY$$Limit</name>
         <value>0x0</value>
      </symbol>
      <symbol id="sm-7e3">
         <name>SHT$$INIT_ARRAY$$Base</name>
         <value>0x0</value>
      </symbol>
      <symbol id="sm-7e4">
         <name>NMI_Handler</name>
         <value>0x3403</value>
      </symbol>
      <symbol id="sm-7e5">
         <name>HardFault_Handler</name>
         <value>0x3403</value>
      </symbol>
      <symbol id="sm-7e6">
         <name>MemManage_Handler</name>
         <value>0x3403</value>
      </symbol>
      <symbol id="sm-7e7">
         <name>BusFault_Handler</name>
         <value>0x3403</value>
      </symbol>
      <symbol id="sm-7e8">
         <name>UsageFault_Handler</name>
         <value>0x3403</value>
      </symbol>
      <symbol id="sm-7e9">
         <name>SVC_Handler</name>
         <value>0x3403</value>
      </symbol>
      <symbol id="sm-7ea">
         <name>DebugMon_Handler</name>
         <value>0x3403</value>
      </symbol>
      <symbol id="sm-7eb">
         <name>PendSV_Handler</name>
         <value>0x3403</value>
      </symbol>
      <symbol id="sm-7ec">
         <name>SysTick_Handler</name>
         <value>0x3403</value>
      </symbol>
      <symbol id="sm-7ed">
         <name>PSS_IRQHandler</name>
         <value>0x3403</value>
      </symbol>
      <symbol id="sm-7ee">
         <name>CS_IRQHandler</name>
         <value>0x3403</value>
      </symbol>
      <symbol id="sm-7ef">
         <name>PCM_IRQHandler</name>
         <value>0x3403</value>
      </symbol>
      <symbol id="sm-7f0">
         <name>WDT_A_IRQHandler</name>
         <value>0x3403</value>
      </symbol>
      <symbol id="sm-7f1">
         <name>FPU_IRQHandler</name>
         <value>0x3403</value>
      </symbol>
      <symbol id="sm-7f2">
         <name>FLCTL_IRQHandler</name>
         <value>0x3403</value>
      </symbol>
      <symbol id="sm-7f3">
         <name>COMP_E0_IRQHandler</name>
         <value>0x3403</value>
      </symbol>
      <symbol id="sm-7f4">
         <name>COMP_E1_IRQHandler</name>
         <value>0x3403</value>
      </symbol>
      <symbol id="sm-7f5">
         <name>TA0_0_IRQHandler</name>
         <value>0x3403</value>
      </symbol>
      <symbol id="sm-7f6">
         <name>TA0_N_IRQHandler</name>
         <value>0x3403</value>
      </symbol>
      <symbol id="sm-7f7">
         <name>TA1_0_IRQHandler</name>
         <value>0x3403</value>
      </symbol>
      <symbol id="sm-7f8">
         <name>TA1_N_IRQHandler</name>
         <value>0x3403</value>
      </symbol>
      <symbol id="sm-7f9">
         <name>TA2_0_IRQHandler</name>
         <value>0x3403</value>
      </symbol>
      <symbol id="sm-7fa">
         <name>TA2_N_IRQHandler</name>
         <value>0x3403</value>
      </symbol>
      <symbol id="sm-7fb">
         <name>TA3_0_IRQHandler</name>
         <value>0x3403</value>
      </symbol>
      <symbol id="sm-7fc">
         <name>TA3_N_IRQHandler</name>
         <value>0x3403</value>
      </symbol>
      <symbol id="sm-7fd">
         <name>EUSCIA0_IRQHandler</name>
         <value>0x3403</value>
      </symbol>
      <symbol id="sm-7fe">
         <name>EUSCIA1_IRQHandler</name>
         <value>0x3403</value>
      </symbol>
      <symbol id="sm-7ff">
         <name>EUSCIA2_IRQHandler</name>
         <value>0x2655</value>
      </symbol>
      <symbol id="sm-800">
         <name>EUSCIA3_IRQHandler</name>
         <value>0x3403</value>
      </symbol>
      <symbol id="sm-801">
         <name>EUSCIB0_IRQHandler</name>
         <value>0x3403</value>
      </symbol>
      <symbol id="sm-802">
         <name>EUSCIB1_IRQHandler</name>
         <value>0x3403</value>
      </symbol>
      <symbol id="sm-803">
         <name>EUSCIB2_IRQHandler</name>
         <value>0x3403</value>
      </symbol>
      <symbol id="sm-804">
         <name>EUSCIB3_IRQHandler</name>
         <value>0x3403</value>
      </symbol>
      <symbol id="sm-805">
         <name>ADC14_IRQHandler</name>
         <value>0x3403</value>
      </symbol>
      <symbol id="sm-806">
         <name>T32_INT1_IRQHandler</name>
         <value>0x3403</value>
      </symbol>
      <symbol id="sm-807">
         <name>T32_INT2_IRQHandler</name>
         <value>0x3403</value>
      </symbol>
      <symbol id="sm-808">
         <name>T32_INTC_IRQHandler</name>
         <value>0x3403</value>
      </symbol>
      <symbol id="sm-809">
         <name>AES256_IRQHandler</name>
         <value>0x3403</value>
      </symbol>
      <symbol id="sm-80a">
         <name>RTC_C_IRQHandler</name>
         <value>0x3403</value>
      </symbol>
      <symbol id="sm-80b">
         <name>DMA_ERR_IRQHandler</name>
         <value>0x3403</value>
      </symbol>
      <symbol id="sm-80c">
         <name>DMA_INT3_IRQHandler</name>
         <value>0x3403</value>
      </symbol>
      <symbol id="sm-80d">
         <name>DMA_INT2_IRQHandler</name>
         <value>0x3403</value>
      </symbol>
      <symbol id="sm-80e">
         <name>DMA_INT1_IRQHandler</name>
         <value>0x3403</value>
      </symbol>
      <symbol id="sm-80f">
         <name>DMA_INT0_IRQHandler</name>
         <value>0x3403</value>
      </symbol>
      <symbol id="sm-810">
         <name>PORT1_IRQHandler</name>
         <value>0x3403</value>
      </symbol>
      <symbol id="sm-811">
         <name>PORT2_IRQHandler</name>
         <value>0x3403</value>
      </symbol>
      <symbol id="sm-812">
         <name>PORT3_IRQHandler</name>
         <value>0x3403</value>
      </symbol>
      <symbol id="sm-813">
         <name>PORT4_IRQHandler</name>
         <value>0x3403</value>
      </symbol>
      <symbol id="sm-814">
         <name>PORT5_IRQHandler</name>
         <value>0x3403</value>
      </symbol>
      <symbol id="sm-815">
         <name>PORT6_IRQHandler</name>
         <value>0x3403</value>
      </symbol>
      <symbol id="sm-816">
         <name>remove</name>
         <value>0x32ed</value>
      </symbol>
   </symbol_table>
   <title>Link successful</title>
</link_info>
